Archive member included to satisfy reference by file (symbol)

C:/ST/STM32CubeIDE_1.18.1/STM32CubeIDE/plugins/com.st.stm32cube.ide.mcu.externaltools.gnu-tools-for-stm32.13.3.rel1.win32_1.0.0.202411081344/tools/bin/../lib/gcc/arm-none-eabi/13.3.1/../../../../arm-none-eabi/lib/thumb/v7e-m+fp/hard\libc_nano.a(libc_a-atoi.o)
                              ./Core/Src/main.o (atoi)
C:/ST/STM32CubeIDE_1.18.1/STM32CubeIDE/plugins/com.st.stm32cube.ide.mcu.externaltools.gnu-tools-for-stm32.13.3.rel1.win32_1.0.0.202411081344/tools/bin/../lib/gcc/arm-none-eabi/13.3.1/../../../../arm-none-eabi/lib/thumb/v7e-m+fp/hard\libc_nano.a(libc_a-exit.o)
                              C:/ST/STM32CubeIDE_1.18.1/STM32CubeIDE/plugins/com.st.stm32cube.ide.mcu.externaltools.gnu-tools-for-stm32.13.3.rel1.win32_1.0.0.202411081344/tools/bin/../lib/gcc/arm-none-eabi/13.3.1/../../../../arm-none-eabi/lib/thumb/v7e-m+fp/hard/crt0.o (exit)
C:/ST/STM32CubeIDE_1.18.1/STM32CubeIDE/plugins/com.st.stm32cube.ide.mcu.externaltools.gnu-tools-for-stm32.13.3.rel1.win32_1.0.0.202411081344/tools/bin/../lib/gcc/arm-none-eabi/13.3.1/../../../../arm-none-eabi/lib/thumb/v7e-m+fp/hard\libc_nano.a(libc_a-strtol.o)
                              C:/ST/STM32CubeIDE_1.18.1/STM32CubeIDE/plugins/com.st.stm32cube.ide.mcu.externaltools.gnu-tools-for-stm32.13.3.rel1.win32_1.0.0.202411081344/tools/bin/../lib/gcc/arm-none-eabi/13.3.1/../../../../arm-none-eabi/lib/thumb/v7e-m+fp/hard\libc_nano.a(libc_a-atoi.o) (_strtol_r)
C:/ST/STM32CubeIDE_1.18.1/STM32CubeIDE/plugins/com.st.stm32cube.ide.mcu.externaltools.gnu-tools-for-stm32.13.3.rel1.win32_1.0.0.202411081344/tools/bin/../lib/gcc/arm-none-eabi/13.3.1/../../../../arm-none-eabi/lib/thumb/v7e-m+fp/hard\libc_nano.a(libc_a-ctype_.o)
                              C:/ST/STM32CubeIDE_1.18.1/STM32CubeIDE/plugins/com.st.stm32cube.ide.mcu.externaltools.gnu-tools-for-stm32.13.3.rel1.win32_1.0.0.202411081344/tools/bin/../lib/gcc/arm-none-eabi/13.3.1/../../../../arm-none-eabi/lib/thumb/v7e-m+fp/hard\libc_nano.a(libc_a-strtol.o) (_ctype_)
C:/ST/STM32CubeIDE_1.18.1/STM32CubeIDE/plugins/com.st.stm32cube.ide.mcu.externaltools.gnu-tools-for-stm32.13.3.rel1.win32_1.0.0.202411081344/tools/bin/../lib/gcc/arm-none-eabi/13.3.1/../../../../arm-none-eabi/lib/thumb/v7e-m+fp/hard\libc_nano.a(libc_a-nano-vfprintf_float.o)
                              (_printf_float)
C:/ST/STM32CubeIDE_1.18.1/STM32CubeIDE/plugins/com.st.stm32cube.ide.mcu.externaltools.gnu-tools-for-stm32.13.3.rel1.win32_1.0.0.202411081344/tools/bin/../lib/gcc/arm-none-eabi/13.3.1/../../../../arm-none-eabi/lib/thumb/v7e-m+fp/hard\libc_nano.a(libc_a-nano-vfprintf_i.o)
                              C:/ST/STM32CubeIDE_1.18.1/STM32CubeIDE/plugins/com.st.stm32cube.ide.mcu.externaltools.gnu-tools-for-stm32.13.3.rel1.win32_1.0.0.202411081344/tools/bin/../lib/gcc/arm-none-eabi/13.3.1/../../../../arm-none-eabi/lib/thumb/v7e-m+fp/hard\libc_nano.a(libc_a-nano-vfprintf_float.o) (_printf_common)
C:/ST/STM32CubeIDE_1.18.1/STM32CubeIDE/plugins/com.st.stm32cube.ide.mcu.externaltools.gnu-tools-for-stm32.13.3.rel1.win32_1.0.0.202411081344/tools/bin/../lib/gcc/arm-none-eabi/13.3.1/../../../../arm-none-eabi/lib/thumb/v7e-m+fp/hard\libc_nano.a(libc_a-findfp.o)
                              C:/ST/STM32CubeIDE_1.18.1/STM32CubeIDE/plugins/com.st.stm32cube.ide.mcu.externaltools.gnu-tools-for-stm32.13.3.rel1.win32_1.0.0.202411081344/tools/bin/../lib/gcc/arm-none-eabi/13.3.1/../../../../arm-none-eabi/lib/thumb/v7e-m+fp/hard\libc_nano.a(libc_a-exit.o) (__stdio_exit_handler)
C:/ST/STM32CubeIDE_1.18.1/STM32CubeIDE/plugins/com.st.stm32cube.ide.mcu.externaltools.gnu-tools-for-stm32.13.3.rel1.win32_1.0.0.202411081344/tools/bin/../lib/gcc/arm-none-eabi/13.3.1/../../../../arm-none-eabi/lib/thumb/v7e-m+fp/hard\libc_nano.a(libc_a-fwalk.o)
                              C:/ST/STM32CubeIDE_1.18.1/STM32CubeIDE/plugins/com.st.stm32cube.ide.mcu.externaltools.gnu-tools-for-stm32.13.3.rel1.win32_1.0.0.202411081344/tools/bin/../lib/gcc/arm-none-eabi/13.3.1/../../../../arm-none-eabi/lib/thumb/v7e-m+fp/hard\libc_nano.a(libc_a-findfp.o) (_fwalk_sglue)
C:/ST/STM32CubeIDE_1.18.1/STM32CubeIDE/plugins/com.st.stm32cube.ide.mcu.externaltools.gnu-tools-for-stm32.13.3.rel1.win32_1.0.0.202411081344/tools/bin/../lib/gcc/arm-none-eabi/13.3.1/../../../../arm-none-eabi/lib/thumb/v7e-m+fp/hard\libc_nano.a(libc_a-printf.o)
                              ./Core/Src/esp.o (printf)
C:/ST/STM32CubeIDE_1.18.1/STM32CubeIDE/plugins/com.st.stm32cube.ide.mcu.externaltools.gnu-tools-for-stm32.13.3.rel1.win32_1.0.0.202411081344/tools/bin/../lib/gcc/arm-none-eabi/13.3.1/../../../../arm-none-eabi/lib/thumb/v7e-m+fp/hard\libc_nano.a(libc_a-putchar.o)
                              ./Core/Src/esp.o (putchar)
C:/ST/STM32CubeIDE_1.18.1/STM32CubeIDE/plugins/com.st.stm32cube.ide.mcu.externaltools.gnu-tools-for-stm32.13.3.rel1.win32_1.0.0.202411081344/tools/bin/../lib/gcc/arm-none-eabi/13.3.1/../../../../arm-none-eabi/lib/thumb/v7e-m+fp/hard\libc_nano.a(libc_a-puts.o)
[...]
Memory Configuration

Name             Origin             Length             Attributes
RAM              0x20000000         0x00020000         xrw
FLASH            0x08000000         0x00080000         xr
*default*        0x00000000         0xffffffff

Linker script and memory map

LOAD C:/ST/STM32CubeIDE_1.18.1/STM32CubeIDE/plugins/com.st.stm32cube.ide.mcu.externaltools.gnu-tools-for-stm32.13.3.rel1.win32_1.0.0.202411081344/tools/bin/../lib/gcc/arm-none-eabi/13.3.1/thumb/v7e-m+fp/hard/crti.o
LOAD C:/ST/STM32CubeIDE_1.18.1/STM32CubeIDE/plugins/com.st.stm32cube.ide.mcu.externaltools.gnu-tools-for-stm32.13.3.rel1.win32_1.0.0.202411081344/tools/bin/../lib/gcc/arm-none-eabi/13.3.1/thumb/v7e-m+fp/hard/crtbegin.o
LOAD C:/ST/STM32CubeIDE_1.18.1/STM32CubeIDE/plugins/com.st.stm32cube.ide.mcu.externaltools.gnu-tools-for-stm32.13.3.rel1.win32_1.0.0.202411081344/tools/bin/../lib/gcc/arm-none-eabi/13.3.1/../../../../arm-none-eabi/lib/thumb/v7e-m+fp/hard/crt0.o
LOAD ./Core/Src/dht.o
LOAD ./Core/Src/esp.o
LOAD ./Core/Src/main.o
LOAD ./Core/Src/stm32f4xx_hal_msp.o
LOAD ./Core/Src/stm32f4xx_it.o
LOAD ./Core/Src/syscalls.o
LOAD ./Core/Src/sysmem.o
LOAD ./Core/Src/system_stm32f4xx.o
LOAD ./Core/Startup/startup_stm32f411retx.o
LOAD ./Drivers/STM32F4xx_HAL_Driver/Src/stm32f4xx_hal.o
LOAD ./Drivers/STM32F4xx_HAL_Driver/Src/stm32f4xx_hal_adc.o
LOAD ./Drivers/STM32F4xx_HAL_Driver/Src/stm32f4xx_hal_adc_ex.o
LOAD ./Drivers/STM32F4xx_HAL_Driver/Src/stm32f4xx_hal_cortex.o
LOAD ./Drivers/STM32F4xx_HAL_Driver/Src/stm32f4xx_hal_dma.o
LOAD ./Drivers/STM32F4xx_HAL_Driver/Src/stm32f4xx_hal_dma_ex.o
LOAD ./Drivers/STM32F4xx_HAL_Driver/Src/stm32f4xx_hal_exti.o
LOAD ./Drivers/STM32F4xx_HAL_Driver/Src/stm32f4xx_hal_flash.o
LOAD ./Drivers/STM32F4xx_HAL_Driver/Src/stm32f4xx_hal_flash_ex.o
LOAD ./Drivers/STM32F4xx_HAL_Driver/Src/stm32f4xx_hal_flash_ramfunc.o
LOAD ./Drivers/STM32F4xx_HAL_Driver/Src/stm32f4xx_hal_gpio.o
LOAD ./Drivers/STM32F4xx_HAL_Driver/Src/stm32f4xx_hal_pwr.o
LOAD ./Drivers/STM32F4xx_HAL_Driver/Src/stm32f4xx_hal_pwr_ex.o
LOAD ./Drivers/STM32F4xx_HAL_Driver/Src/stm32f4xx_hal_rcc.o
LOAD ./Drivers/STM32F4xx_HAL_Driver/Src/stm32f4xx_hal_rcc_ex.o
LOAD ./Drivers/STM32F4xx_HAL_Driver/Src/stm32f4xx_hal_tim.o
LOAD ./Drivers/STM32F4xx_HAL_Driver/Src/stm32f4xx_hal_tim_ex.o
LOAD ./Drivers/STM32F4xx_HAL_Driver/Src/stm32f4xx_hal_uart.o
LOAD ./Drivers/STM32F4xx_HAL_Driver/Src/stm32f4xx_ll_adc.o
START GROUP
LOAD C:/ST/STM32CubeIDE_1.18.1/STM32CubeIDE/plugins/com.st.stm32cube.ide.mcu.externaltools.gnu-tools-for-stm32.13.3.rel1.win32_1.0.0.202411081344/tools/bin/../lib/gcc/arm-none-eabi/13.3.1/../../../../arm-none-eabi/lib/thumb/v7e-m+fp/hard\libc_nano.a
LOAD C:/ST/STM32CubeIDE_1.18.1/STM32CubeIDE/plugins/com.st.stm32cube.ide.mcu.externaltools.gnu-tools-for-stm32.13.3.rel1.win32_1.0.0.202411081344/tools/bin/../lib/gcc/arm-none-eabi/13.3.1/../../../../arm-none-eabi/lib/thumb/v7e-m+fp/hard\libm.a
END GROUP
START GROUP
LOAD C:/ST/STM32CubeIDE_1.18.1/STM32CubeIDE/plugins/com.st.stm32cube.ide.mcu.externaltools.gnu-tools-for-stm32.13.3.rel1.win32_1.0.0.202411081344/tools/bin/../lib/gcc/arm-none-eabi/13.3.1/thumb/v7e-m+fp/hard\libgcc.a
LOAD C:/ST/STM32CubeIDE_1.18.1/STM32CubeIDE/plugins/com.st.stm32cube.ide.mcu.externaltools.gnu-tools-for-stm32.13.3.rel1.win32_1.0.0.202411081344/tools/bin/../lib/gcc/arm-none-eabi/13.3.1/../../../../arm-none-eabi/lib/thumb/v7e-m+fp/hard\libc_nano.a
END GROUP
START GROUP
LOAD C:/ST/STM32CubeIDE_1.18.1/STM32CubeIDE/plugins/com.st.stm32cube.ide.mcu.externaltools.gnu-tools-for-stm32.13.3.rel1.win32_1.0.0.202411081344/tools/bin/../lib/gcc/arm-none-eabi/13.3.1/thumb/v7e-m+fp/hard\libgcc.a
LOAD C:/ST/STM32CubeIDE_1.18.1/STM32CubeIDE/plugins/com.st.stm32cube.ide.mcu.externaltools.gnu-tools-for-stm32.13.3.rel1.win32_1.0.0.202411081344/tools/bin/../lib/gcc/arm-none-eabi/13.3.1/../../../../arm-none-eabi/lib/thumb/v7e-m+fp/hard\libc_nano.a
LOAD C:/ST/STM32CubeIDE_1.18.1/STM32CubeIDE/plugins/com.st.stm32cube.ide.mcu.externaltools.gnu-tools-for-stm32.13.3.rel1.win32_1.0.0.202411081344/tools/bin/../lib/gcc/arm-none-eabi/13.3.1/../../../../arm-none-eabi/lib/thumb/v7e-m+fp/hard\libnosys.a
END GROUP
START GROUP
LOAD C:/ST/STM32CubeIDE_1.18.1/STM32CubeIDE/plugins/com.st.stm32cube.ide.mcu.externaltools.gnu-tools-for-stm32.13.3.rel1.win32_1.0.0.202411081344/tools/bin/../lib/gcc/arm-none-eabi/13.3.1/thumb/v7e-m+fp/hard\libgcc.a
LOAD C:/ST/STM32CubeIDE_1.18.1/STM32CubeIDE/plugins/com.st.stm32cube.ide.mcu.externaltools.gnu-tools-for-stm32.13.3.rel1.win32_1.0.0.202411081344/tools/bin/../lib/gcc/arm-none-eabi/13.3.1/../../../../arm-none-eabi/lib/thumb/v7e-m+fp/hard\libc_nano.a
LOAD C:/ST/STM32CubeIDE_1.18.1/STM32CubeIDE/plugins/com.st.stm32cube.ide.mcu.externaltools.gnu-tools-for-stm32.13.3.rel1.win32_1.0.0.202411081344/tools/bin/../lib/gcc/arm-none-eabi/13.3.1/../../../../arm-none-eabi/lib/thumb/v7e-m+fp/hard\libnosys.a
END GROUP
LOAD C:/ST/STM32CubeIDE_1.18.1/STM32CubeIDE/plugins/com.st.stm32cube.ide.mcu.externaltools.gnu-tools-for-stm32.13.3.rel1.win32_1.0.0.202411081344/tools/bin/../lib/gcc/arm-none-eabi/13.3.1/thumb/v7e-m+fp/hard/crtend.o
LOAD C:/ST/STM32CubeIDE_1.18.1/STM32CubeIDE/plugins/com.st.stm32cube.ide.mcu.externaltools.gnu-tools-for-stm32.13.3.rel1.win32_1.0.0.202411081344/tools/bin/../lib/gcc/arm-none-eabi/13.3.1/thumb/v7e-m+fp/hard/crtn.o
                0x20020000                        _estack = (ORIGIN (RAM) + LENGTH (RAM))
                0x00000200                        _Min_Heap_Size = 0x200
                0x00000400                        _Min_Stack_Size = 0x400

.isr_vector     0x08000000      0x198
                0x08000000                        . = ALIGN (0x4)
 *(.isr_vector)
 .isr_vector    0x08000000      0x198 ./Core/Startup/startup_stm32f411retx.o
                0x08000000                g_pfnVectors
                0x08000198                        . = ALIGN (0x4)

.text           0x080001a0     0xa484
                0x080001a0                        . = ALIGN (0x4)
 *(.text)
 .text          0x080001a0       0x40 C:/ST/STM32CubeIDE_1.18.1/STM32CubeIDE/plugins/com.st.stm32cube.ide.mcu.externaltools.gnu-tools-for-stm32.13.3.rel1.win32_1.0.0.202411081344/tools/bin/../lib/gcc/arm-none-eabi/13.3.1/thumb/v7e-m+fp/hard/crtbegin.o
 .text          0x080001e0       0x14 C:/ST/STM32CubeIDE_1.18.1/STM32CubeIDE/plugins/com.st.stm32cube.ide.mcu.externaltools.gnu-tools-for-stm32.13.3.rel1.win32_1.0.0.202411081344/tools/bin/../lib/gcc/arm-none-eabi/13.3.1/../../../../arm-none-eabi/lib/thumb/v7e-m+fp/hard\libc_nano.a(libc_a-strcmp.o)
                0x080001e0                strcmp
 *fill*         0x080001f4        0xc 
 .text          0x08000200       0xa0 C:/ST/STM32CubeIDE_1.18.1/STM32CubeIDE/plugins/com.st.stm32cube.ide.mcu.externaltools.gnu-tools-for-stm32.13.3.rel1.win32_1.0.0.202411081344/tools/bin/../lib/gcc/arm-none-eabi/13.3.1/../../../../arm-none-eabi/lib/thumb/v7e-m+fp/hard\libc_nano.a(libc_a-memchr.o)
                0x08000200                memchr
 .text          0x080002a0       0x10 C:/ST/STM32CubeIDE_1.18.1/STM32CubeIDE/plugins/com.st.stm32cube.ide.mcu.externaltools.gnu-tools-for-stm32.13.3.rel1.win32_1.0.0.202411081344/tools/bin/../lib/gcc/arm-none-eabi/13.3.1/../../../../arm-none-eabi/lib/thumb/v7e-m+fp/hard\libc_nano.a(libc_a-strlen.o)
                0x080002a0                strlen
 .text          0x080002b0      0x378 C:/ST/STM32CubeIDE_1.18.1/STM32CubeIDE/plugins/com.st.stm32cube.ide.mcu.externaltools.gnu-tools-for-stm32.13.3.rel1.win32_1.0.0.202411081344/tools/bin/../lib/gcc/arm-none-eabi/13.3.1/thumb/v7e-m+fp/hard\libgcc.a(_arm_addsubdf3.o)
                0x080002b0                __aeabi_drsub
                0x080002b8                __aeabi_dsub
                0x080002b8                __subdf3
                0x080002bc                __aeabi_dadd
                0x080002bc                __adddf3
                0x08000534                __floatunsidf
                0x08000534                __aeabi_ui2d
                0x08000554                __floatsidf
                0x08000554                __aeabi_i2d
                0x08000578                __aeabi_f2d
                0x08000578                __extendsfdf2
                0x080005bc                __floatundidf
                0x080005bc                __aeabi_ul2d
                0x080005cc                __floatdidf
                0x080005cc                __aeabi_l2d
 .text          0x08000628      0x424 C:/ST/STM32CubeIDE_1.18.1/STM32CubeIDE/plugins/com.st.stm32cube.ide.mcu.externaltools.gnu-tools-for-stm32.13.3.rel1.win32_1.0.0.202411081344/tools/bin/../lib/gcc/arm-none-eabi/13.3.1/thumb/v7e-m+fp/hard\libgcc.a(_arm_muldivdf3.o)
                0x08000628                __aeabi_dmul
                0x08000628                __muldf3
                0x0800087c                __divdf3
                0x0800087c                __aeabi_ddiv
 .text          0x08000a4c      0x110 C:/ST/STM32CubeIDE_1.18.1/STM32CubeIDE/plugins/com.st.stm32cube.ide.mcu.externaltools.gnu-tools-for-stm32.13.3.rel1.win32_1.0.0.202411081344/tools/bin/../lib/gcc/arm-none-eabi/13.3.1/thumb/v7e-m+fp/hard\libgcc.a(_arm_cmpdf2.o)
                0x08000a4c                __gtdf2
                0x08000a4c                __gedf2
                0x08000a54                __ltdf2
                0x08000a54                __ledf2
                0x08000a5c                __nedf2
                0x08000a5c                __eqdf2
                0x08000a5c                __cmpdf2
                0x08000ad8                __aeabi_cdrcmple
                0x08000ae8                __aeabi_cdcmpeq
                0x08000ae8                __aeabi_cdcmple
                0x08000af8                __aeabi_dcmpeq
                0x08000b0c                __aeabi_dcmplt
                0x08000b20                __aeabi_dcmple
                0x08000b34                __aeabi_dcmpge
                0x08000b48                __aeabi_dcmpgt
 .text          0x08000b5c       0x2c C:/ST/STM32CubeIDE_1.18.1/STM32CubeIDE/plugins/com.st.stm32cube.ide.mcu.externaltools.gnu-tools-for-stm32.13.3.rel1.win32_1.0.0.202411081344/tools/bin/../lib/gcc/arm-none-eabi/13.3.1/thumb/v7e-m+fp/hard\libgcc.a(_arm_unorddf2.o)
                0x08000b5c                __unorddf2
                0x08000b5c                __aeabi_dcmpun
 .text          0x08000b88       0x50 C:/ST/STM32CubeIDE_1.18.1/STM32CubeIDE/plugins/com.st.stm32cube.ide.mcu.externaltools.gnu-tools-for-stm32.13.3.rel1.win32_1.0.0.202411081344/tools/bin/../lib/gcc/arm-none-eabi/13.3.1/thumb/v7e-m+fp/hard\libgcc.a(_arm_fixdfsi.o)
                0x08000b88                __aeabi_d2iz
                0x08000b88                __fixdfsi
 .text          0x08000bd8       0xa0 C:/ST/STM32CubeIDE_1.18.1/STM32CubeIDE/plugins/com.st.stm32cube.ide.mcu.externaltools.gnu-tools-for-stm32.13.3.rel1.win32_1.0.0.202411081344/tools/bin/../lib/gcc/arm-none-eabi/13.3.1/thumb/v7e-m+fp/hard\libgcc.a(_arm_truncdfsf2.o)
                0x08000bd8                __truncdfsf2
                0x08000bd8                __aeabi_d2f
 .text          0x08000c78       0x30 C:/ST/STM32CubeIDE_1.18.1/STM32CubeIDE/plugins/com.st.stm32cube.ide.mcu.externaltools.gnu-tools-for-stm32.13.3.rel1.win32_1.0.0.202411081344/tools/bin/../lib/gcc/arm-none-eabi/13.3.1/thumb/v7e-m+fp/hard\libgcc.a(_aeabi_uldivmod.o)
                0x08000c78                __aeabi_uldivmod
 .text          0x08000ca8      0x2f8 C:/ST/STM32CubeIDE_1.18.1/STM32CubeIDE/plugins/com.st.stm32cube.ide.mcu.externaltools.gnu-tools-for-stm32.13.3.rel1.win32_1.0.0.202411081344/tools/bin/../lib/gcc/arm-none-eabi/13.3.1/thumb/v7e-m+fp/hard\libgcc.a(_udivmoddi4.o)
                0x08000ca8                __udivmoddi4
 .text          0x08000fa0        0x4 C:/ST/STM32CubeIDE_1.18.1/STM32CubeIDE/plugins/com.st.stm32cube.ide.mcu.externaltools.gnu-tools-for-stm32.13.3.rel1.win32_1.0.0.202411081344/tools/bin/../lib/gcc/arm-none-eabi/13.3.1/thumb/v7e-m+fp/hard\libgcc.a(_dvmd_tls.o)
                0x08000fa0                __aeabi_idiv0
                0x08000fa0                __aeabi_ldiv0
 *(.text*)
 .text.DWT_Delay_Init
                0x08000fa4       0x60 ./Core/Src/dht.o
                0x08000fa4                DWT_Delay_Init
 .text.DWT_Delay_us
                0x08001004       0x48 ./Core/Src/dht.o
                0x08001004                DWT_Delay_us
 .text.Set_Pin_Output
                0x0800104c       0x3c ./Core/Src/dht.o
                0x0800104c                Set_Pin_Output
 .text.Set_Pin_Input
                0x08001088       0x38 ./Core/Src/dht.o
                0x08001088                Set_Pin_Input
 .text.DHT11_Init
                0x080010c0       0x30 ./Core/Src/dht.o
                0x080010c0                DHT11_Init
 .text.DHT11_Start
                0x080010f0       0x54 ./Core/Src/dht.o
                0x080010f0                DHT11_Start
 .text.DHT11_Stop
                0x08001144       0x24 ./Core/Src/dht.o
                0x08001144                DHT11_Stop
 .text.DHT11_Check_Response
                0x08001168       0x5c ./Core/Src/dht.o
                0x08001168                DHT11_Check_Response
 .text.DHT11_Read
                0x080011c4       0x98 ./Core/Src/dht.o
                0x080011c4                DHT11_Read
 .text.DHT11_readData
                0x0800125c       0x58 ./Core/Src/dht.o
                0x0800125c                DHT11_readData
 .text.esp_at_command
                0x080012b4       0xd0 ./Core/Src/esp.o
 .text.esp_reset
                0x08001384       0x40 ./Core/Src/esp.o
 .text.request_ip_addr
                0x080013c4       0xec ./Core/Src/esp.o
 .text.esp_client_conn
                0x080014b0       0x58 ./Core/Src/esp.o
                0x080014b0                esp_client_conn
 .text.esp_get_status
                0x08001508       0x44 ./Core/Src/esp.o
                0x08001508                esp_get_status
 .text.drv_esp_init
                0x0800154c       0x30 ./Core/Src/esp.o
                0x0800154c                drv_esp_init
 .text.ap_conn_func
                0x0800157c       0xa0 ./Core/Src/esp.o
                0x0800157c                ap_conn_func
 .text.HAL_UART_RxCpltCallback
                0x0800161c       0xbc ./Core/Src/esp.o
                0x0800161c                HAL_UART_RxCpltCallback
 .text.AiotClient_Init
                0x080016d8       0x28 ./Core/Src/esp.o
                0x080016d8                AiotClient_Init
 .text.esp_send_data
                0x08001700       0x68 ./Core/Src/esp.o
                0x08001700                esp_send_data
 .text.drv_uart_init
                0x08001768       0x1c ./Core/Src/esp.o
                0x08001768                drv_uart_init
 .text.__io_putchar
                0x08001784       0x30 ./Core/Src/esp.o
                0x08001784                __io_putchar
 .text.main     0x080017b4      0x260 ./Core/Src/main.o
                0x080017b4                main
 .text.SystemClock_Config
                0x08001a14       0xd4 ./Core/Src/main.o
                0x08001a14                SystemClock_Config
 .text.MX_ADC1_Init
                0x08001ae8       0xc4 ./Core/Src/main.o
 .text.MX_TIM1_Init
                0x08001bac      0x140 ./Core/Src/main.o
 .text.MX_TIM2_Init
                0x08001cec       0xec ./Core/Src/main.o
 .text.MX_TIM3_Init
                0x08001dd8       0xec ./Core/Src/main.o
 .text.MX_TIM4_Init
                0x08001ec4       0xf0 ./Core/Src/main.o
 .text.MX_USART2_UART_Init
                0x08001fb4       0x54 ./Core/Src/main.o
 .text.MX_USART6_UART_Init
                0x08002008       0x54 ./Core/Src/main.o
 .text.MX_GPIO_Init
                0x0800205c      0x140 ./Core/Src/main.o
 .text.esp_event
                0x0800219c      0x268 ./Core/Src/main.o
                0x0800219c                esp_event
 .text.HAL_TIM_PeriodElapsedCallback
                0x08002404       0x4c ./Core/Src/main.o
                0x08002404                HAL_TIM_PeriodElapsedCallback
 .text.map      0x08002450       0x38 ./Core/Src/main.o
                0x08002450                map
 .text.fanControl
                0x08002488       0x34 ./Core/Src/main.o
                0x08002488                fanControl
 .text.ledControl
                0x080024bc       0x3c ./Core/Src/main.o
                0x080024bc                ledControl
 .text.infraredSensor
                0x080024f8      0x1b8 ./Core/Src/main.o
                0x080024f8                infraredSensor
 .text.Read_ADC_Channel
                0x080026b0       0x54 ./Core/Src/main.o
                0x080026b0                Read_ADC_Channel
 .text.Error_Handler
                0x08002704        0xc ./Core/Src/main.o
                0x08002704                Error_Handler
 .text.HAL_MspInit
                0x08002710       0x50 ./Core/Src/stm32f4xx_hal_msp.o
                0x08002710                HAL_MspInit
 .text.HAL_ADC_MspInit
                0x08002760       0x88 ./Core/Src/stm32f4xx_hal_msp.o
                0x08002760                HAL_ADC_MspInit
 .text.HAL_TIM_Base_MspInit
                0x080027e8       0xf0 ./Core/Src/stm32f4xx_hal_msp.o
                0x080027e8                HAL_TIM_Base_MspInit
 .text.HAL_TIM_MspPostInit
                0x080028d8      0x15c ./Core/Src/stm32f4xx_hal_msp.o
                0x080028d8                HAL_TIM_MspPostInit
 .text.HAL_UART_MspInit
                0x08002a34      0x11c ./Core/Src/stm32f4xx_hal_msp.o
                0x08002a34                HAL_UART_MspInit
 .text.NMI_Handler
                0x08002b50        0x8 ./Core/Src/stm32f4xx_it.o
                0x08002b50                NMI_Handler
 .text.HardFault_Handler
                0x08002b58        0x8 ./Core/Src/stm32f4xx_it.o
                0x08002b58                HardFault_Handler
 .text.MemManage_Handler
                0x08002b60        0x8 ./Core/Src/stm32f4xx_it.o
                0x08002b60                MemManage_Handler
 .text.BusFault_Handler
                0x08002b68        0x8 ./Core/Src/stm32f4xx_it.o
                0x08002b68                BusFault_Handler
 .text.UsageFault_Handler
                0x08002b70        0x8 ./Core/Src/stm32f4xx_it.o
                0x08002b70                UsageFault_Handler
 .text.SVC_Handler
                0x08002b78        0xe ./Core/Src/stm32f4xx_it.o
                0x08002b78                SVC_Handler
 .text.DebugMon_Handler
                0x08002b86        0xe ./Core/Src/stm32f4xx_it.o
                0x08002b86                DebugMon_Handler
 .text.PendSV_Handler
                0x08002b94        0xe ./Core/Src/stm32f4xx_it.o
                0x08002b94                PendSV_Handler
 .text.SysTick_Handler
                0x08002ba2        0xc ./Core/Src/stm32f4xx_it.o
                0x08002ba2                SysTick_Handler
 .text.EXTI0_IRQHandler
                0x08002bae        0xe ./Core/Src/stm32f4xx_it.o
                0x08002bae                EXTI0_IRQHandler
 .text.TIM2_IRQHandler
                0x08002bbc       0x14 ./Core/Src/stm32f4xx_it.o
                0x08002bbc                TIM2_IRQHandler
 .text.TIM3_IRQHandler
                0x08002bd0       0x14 ./Core/Src/stm32f4xx_it.o
                0x08002bd0                TIM3_IRQHandler
 .text.TIM4_IRQHandler
                0x08002be4       0x14 ./Core/Src/stm32f4xx_it.o
                0x08002be4                TIM4_IRQHandler
 .text.USART2_IRQHandler
                0x08002bf8       0x14 ./Core/Src/stm32f4xx_it.o
                0x08002bf8                USART2_IRQHandler
 .text.EXTI15_10_IRQHandler
                0x08002c0c       0x10 ./Core/Src/stm32f4xx_it.o
                0x08002c0c                EXTI15_10_IRQHandler
 .text.USART6_IRQHandler
                0x08002c1c       0x14 ./Core/Src/stm32f4xx_it.o
                0x08002c1c                USART6_IRQHandler
 .text._getpid  0x08002c30       0x10 ./Core/Src/syscalls.o
                0x08002c30                _getpid
 .text._kill    0x08002c40       0x20 ./Core/Src/syscalls.o
                0x08002c40                _kill
 .text._exit    0x08002c60       0x16 ./Core/Src/syscalls.o
                0x08002c60                _exit
 .text._read    0x08002c76       0x3a ./Core/Src/syscalls.o
                0x08002c76                _read
 .text._write   0x08002cb0       0x38 ./Core/Src/syscalls.o
                0x08002cb0                _write
 .text._close   0x08002ce8       0x18 ./Core/Src/syscalls.o
                0x08002ce8                _close
 .text._fstat   0x08002d00       0x20 ./Core/Src/syscalls.o
                0x08002d00                _fstat
 .text._isatty  0x08002d20       0x16 ./Core/Src/syscalls.o
                0x08002d20                _isatty
 .text._lseek   0x08002d36       0x1a ./Core/Src/syscalls.o
                0x08002d36                _lseek
 .text._sbrk    0x08002d50       0x6c ./Core/Src/sysmem.o
                0x08002d50                _sbrk
 .text.SystemInit
                0x08002dbc       0x24 ./Core/Src/system_stm32f4xx.o
                0x08002dbc                SystemInit
 .text.Reset_Handler
                0x08002de0       0x50 ./Core/Startup/startup_stm32f411retx.o
                0x08002de0                Reset_Handler
 .text.Default_Handler
                0x08002e30        0x2 ./Core/Startup/startup_stm32f411retx.o
                0x08002e30                RTC_Alarm_IRQHandler
                0x08002e30                EXTI2_IRQHandler
                0x08002e30                SPI4_IRQHandler
                0x08002e30                TIM1_CC_IRQHandler
                0x08002e30                DMA2_Stream5_IRQHandler
                0x08002e30                DMA1_Stream5_IRQHandler
                0x08002e30                PVD_IRQHandler
                0x08002e30                SDIO_IRQHandler
                0x08002e30                TAMP_STAMP_IRQHandler
                0x08002e30                EXTI3_IRQHandler
                0x08002e30                TIM1_UP_TIM10_IRQHandler
                0x08002e30                I2C3_ER_IRQHandler
                0x08002e30                I2C2_EV_IRQHandler
                0x08002e30                DMA1_Stream2_IRQHandler
                0x08002e30                FPU_IRQHandler
                0x08002e30                DMA2_Stream2_IRQHandler
                0x08002e30                SPI1_IRQHandler
                0x08002e30                TIM1_BRK_TIM9_IRQHandler
                0x08002e30                DMA2_Stream3_IRQHandler
                0x08002e30                DMA2_Stream0_IRQHandler
                0x08002e30                I2C1_EV_IRQHandler
                0x08002e30                DMA1_Stream6_IRQHandler
                0x08002e30                DMA1_Stream1_IRQHandler
                0x08002e30                RCC_IRQHandler
                0x08002e30                Default_Handler
                0x08002e30                ADC_IRQHandler
                0x08002e30                DMA1_Stream7_IRQHandler
                0x08002e30                SPI5_IRQHandler
                0x08002e30                TIM5_IRQHandler
                0x08002e30                DMA2_Stream7_IRQHandler
                0x08002e30                I2C3_EV_IRQHandler
                0x08002e30                EXTI9_5_IRQHandler
                0x08002e30                RTC_WKUP_IRQHandler
                0x08002e30                SPI2_IRQHandler
                0x08002e30                DMA1_Stream0_IRQHandler
                0x08002e30                EXTI4_IRQHandler
                0x08002e30                WWDG_IRQHandler
                0x08002e30                OTG_FS_WKUP_IRQHandler
                0x08002e30                TIM1_TRG_COM_TIM11_IRQHandler
                0x08002e30                EXTI1_IRQHandler
                0x08002e30                I2C2_ER_IRQHandler
                0x08002e30                DMA2_Stream1_IRQHandler
                0x08002e30                FLASH_IRQHandler
                0x08002e30                DMA2_Stream4_IRQHandler
                0x08002e30                USART1_IRQHandler
                0x08002e30                OTG_FS_IRQHandler
                0x08002e30                SPI3_IRQHandler
                0x08002e30                DMA1_Stream4_IRQHandler
                0x08002e30                I2C1_ER_IRQHandler
                0x08002e30                DMA2_Stream6_IRQHandler
                0x08002e30                DMA1_Stream3_IRQHandler
 *fill*         0x08002e32        0x2 
 .text.HAL_Init
                0x08002e34       0x44 ./Drivers/STM32F4xx_HAL_Driver/Src/stm32f4xx_hal.o
                0x08002e34                HAL_Init
 .text.HAL_InitTick
                0x08002e78       0x60 ./Drivers/STM32F4xx_HAL_Driver/Src/stm32f4xx_hal.o
                0x08002e78                HAL_InitTick
 .text.HAL_IncTick
                0x08002ed8       0x28 ./Drivers/STM32F4xx_HAL_Driver/Src/stm32f4xx_hal.o
                0x08002ed8                HAL_IncTick
 .text.HAL_GetTick
                0x08002f00       0x18 ./Drivers/STM32F4xx_HAL_Driver/Src/stm32f4xx_hal.o
                0x08002f00                HAL_GetTick
 .text.HAL_Delay
                0x08002f18       0x48 ./Drivers/STM32F4xx_HAL_Driver/Src/stm32f4xx_hal.o
                0x08002f18                HAL_Delay
 .text.HAL_ADC_Init
                0x08002f60       0x86 ./Drivers/STM32F4xx_HAL_Driver/Src/stm32f4xx_hal_adc.o
                0x08002f60                HAL_ADC_Init
 *fill*         0x08002fe6        0x2 
 .text.HAL_ADC_Start
                0x08002fe8      0x168 ./Drivers/STM32F4xx_HAL_Driver/Src/stm32f4xx_hal_adc.o
                0x08002fe8                HAL_ADC_Start
 .text.HAL_ADC_PollForConversion
                0x08003150      0x116 ./Drivers/STM32F4xx_HAL_Driver/Src/stm32f4xx_hal_adc.o
                0x08003150                HAL_ADC_PollForConversion
 .text.HAL_ADC_GetValue
                0x08003266       0x1a ./Drivers/STM32F4xx_HAL_Driver/Src/stm32f4xx_hal_adc.o
                0x08003266                HAL_ADC_GetValue
 .text.HAL_ADC_ConfigChannel
                0x08003280      0x264 ./Drivers/STM32F4xx_HAL_Driver/Src/stm32f4xx_hal_adc.o
                0x08003280                HAL_ADC_ConfigChannel
 .text.ADC_Init
                0x080034e4      0x1f8 ./Drivers/STM32F4xx_HAL_Driver/Src/stm32f4xx_hal_adc.o
 .text.__NVIC_SetPriorityGrouping
                0x080036dc       0x48 ./Drivers/STM32F4xx_HAL_Driver/Src/stm32f4xx_hal_cortex.o
 .text.__NVIC_GetPriorityGrouping
                0x08003724       0x1c ./Drivers/STM32F4xx_HAL_Driver/Src/stm32f4xx_hal_cortex.o
 .text.__NVIC_EnableIRQ
                0x08003740       0x3c ./Drivers/STM32F4xx_HAL_Driver/Src/stm32f4xx_hal_cortex.o
 .text.__NVIC_SetPriority
                0x0800377c       0x54 ./Drivers/STM32F4xx_HAL_Driver/Src/stm32f4xx_hal_cortex.o
 .text.NVIC_EncodePriority
                0x080037d0       0x66 ./Drivers/STM32F4xx_HAL_Driver/Src/stm32f4xx_hal_cortex.o
 *fill*         0x08003836        0x2 
 .text.SysTick_Config
                0x08003838       0x44 ./Drivers/STM32F4xx_HAL_Driver/Src/stm32f4xx_hal_cortex.o
 .text.HAL_NVIC_SetPriorityGrouping
                0x0800387c       0x16 ./Drivers/STM32F4xx_HAL_Driver/Src/stm32f4xx_hal_cortex.o
                0x0800387c                HAL_NVIC_SetPriorityGrouping
 .text.HAL_NVIC_SetPriority
                0x08003892       0x38 ./Drivers/STM32F4xx_HAL_Driver/Src/stm32f4xx_hal_cortex.o
                0x08003892                HAL_NVIC_SetPriority
 .text.HAL_NVIC_EnableIRQ
                0x080038ca       0x1c ./Drivers/STM32F4xx_HAL_Driver/Src/stm32f4xx_hal_cortex.o
                0x080038ca                HAL_NVIC_EnableIRQ
 .text.HAL_SYSTICK_Config
                0x080038e6       0x18 ./Drivers/STM32F4xx_HAL_Driver/Src/stm32f4xx_hal_cortex.o
                0x080038e6                HAL_SYSTICK_Config
 .text.HAL_DMA_Abort
                0x080038fe       0xe0 ./Drivers/STM32F4xx_HAL_Driver/Src/stm32f4xx_hal_dma.o
                0x080038fe                HAL_DMA_Abort
 .text.HAL_DMA_Abort_IT
                0x080039de       0x44 ./Drivers/STM32F4xx_HAL_Driver/Src/stm32f4xx_hal_dma.o
                0x080039de                HAL_DMA_Abort_IT
 *fill*         0x08003a22        0x2 
 .text.HAL_GPIO_Init
                0x08003a24      0x308 ./Drivers/STM32F4xx_HAL_Driver/Src/stm32f4xx_hal_gpio.o
                0x08003a24                HAL_GPIO_Init
 .text.HAL_GPIO_ReadPin
                0x08003d2c       0x30 ./Drivers/STM32F4xx_HAL_Driver/Src/stm32f4xx_hal_gpio.o
                0x08003d2c                HAL_GPIO_ReadPin
 .text.HAL_GPIO_WritePin
                0x08003d5c       0x32 ./Drivers/STM32F4xx_HAL_Driver/Src/stm32f4xx_hal_gpio.o
                0x08003d5c                HAL_GPIO_WritePin
 *fill*         0x08003d8e        0x2 
 .text.HAL_GPIO_EXTI_IRQHandler
                0x08003d90       0x30 ./Drivers/STM32F4xx_HAL_Driver/Src/stm32f4xx_hal_gpio.o
                0x08003d90                HAL_GPIO_EXTI_IRQHandler
 .text.HAL_GPIO_EXTI_Callback
                0x08003dc0       0x16 ./Drivers/STM32F4xx_HAL_Driver/Src/stm32f4xx_hal_gpio.o
                0x08003dc0                HAL_GPIO_EXTI_Callback
 *fill*         0x08003dd6        0x2 
 .text.HAL_RCC_OscConfig
                0x08003dd8      0x4f0 ./Drivers/STM32F4xx_HAL_Driver/Src/stm32f4xx_hal_rcc.o
                0x08003dd8                HAL_RCC_OscConfig
 .text.HAL_RCC_ClockConfig
                0x080042c8      0x1cc ./Drivers/STM32F4xx_HAL_Driver/Src/stm32f4xx_hal_rcc.o
                0x080042c8                HAL_RCC_ClockConfig
 .text.HAL_RCC_GetSysClockFreq
                0x08004494      0x20c ./Drivers/STM32F4xx_HAL_Driver/Src/stm32f4xx_hal_rcc.o
                0x08004494                HAL_RCC_GetSysClockFreq
 .text.HAL_RCC_GetHCLKFreq
                0x080046a0       0x18 ./Drivers/STM32F4xx_HAL_Driver/Src/stm32f4xx_hal_rcc.o
                0x080046a0                HAL_RCC_GetHCLKFreq
 .text.HAL_RCC_GetPCLK1Freq
                0x080046b8       0x28 ./Drivers/STM32F4xx_HAL_Driver/Src/stm32f4xx_hal_rcc.o
                0x080046b8                HAL_RCC_GetPCLK1Freq
 .text.HAL_RCC_GetPCLK2Freq
                0x080046e0       0x28 ./Drivers/STM32F4xx_HAL_Driver/Src/stm32f4xx_hal_rcc.o
                0x080046e0                HAL_RCC_GetPCLK2Freq
 .text.HAL_TIM_Base_Init
                0x08004708       0x9e ./Drivers/STM32F4xx_HAL_Driver/Src/stm32f4xx_hal_tim.o
                0x08004708                HAL_TIM_Base_Init
 .text.HAL_TIM_PWM_Init
                0x080047a6       0x9e ./Drivers/STM32F4xx_HAL_Driver/Src/stm32f4xx_hal_tim.o
                0x080047a6                HAL_TIM_PWM_Init
 .text.HAL_TIM_PWM_MspInit
                0x08004844       0x14 ./Drivers/STM32F4xx_HAL_Driver/Src/stm32f4xx_hal_tim.o
                0x08004844                HAL_TIM_PWM_MspInit
 .text.HAL_TIM_PWM_Start
                0x08004858      0x160 ./Drivers/STM32F4xx_HAL_Driver/Src/stm32f4xx_hal_tim.o
                0x08004858                HAL_TIM_PWM_Start
 .text.HAL_TIM_IRQHandler
                0x080049b8      0x1e0 ./Drivers/STM32F4xx_HAL_Driver/Src/stm32f4xx_hal_tim.o
                0x080049b8                HAL_TIM_IRQHandler
 .text.HAL_TIM_PWM_ConfigChannel
                0x08004b98      0x184 ./Drivers/STM32F4xx_HAL_Driver/Src/stm32f4xx_hal_tim.o
                0x08004b98                HAL_TIM_PWM_ConfigChannel
 .text.HAL_TIM_ConfigClockSource
                0x08004d1c      0x18e ./Drivers/STM32F4xx_HAL_Driver/Src/stm32f4xx_hal_tim.o
                0x08004d1c                HAL_TIM_ConfigClockSource
 .text.HAL_TIM_OC_DelayElapsedCallback
                0x08004eaa       0x14 ./Drivers/STM32F4xx_HAL_Driver/Src/stm32f4xx_hal_tim.o
                0x08004eaa                HAL_TIM_OC_DelayElapsedCallback
 .text.HAL_TIM_IC_CaptureCallback
                0x08004ebe       0x14 ./Drivers/STM32F4xx_HAL_Driver/Src/stm32f4xx_hal_tim.o
                0x08004ebe                HAL_TIM_IC_CaptureCallback
 .text.HAL_TIM_PWM_PulseFinishedCallback
                0x08004ed2       0x14 ./Drivers/STM32F4xx_HAL_Driver/Src/stm32f4xx_hal_tim.o
                0x08004ed2                HAL_TIM_PWM_PulseFinishedCallback
 .text.HAL_TIM_TriggerCallback
                0x08004ee6       0x14 ./Drivers/STM32F4xx_HAL_Driver/Src/stm32f4xx_hal_tim.o
                0x08004ee6                HAL_TIM_TriggerCallback
 *fill*         0x08004efa        0x2 
 .text.TIM_Base_SetConfig
                0x08004efc      0x10c ./Drivers/STM32F4xx_HAL_Driver/Src/stm32f4xx_hal_tim.o
                0x08004efc                TIM_Base_SetConfig
 .text.TIM_OC1_SetConfig
                0x08005008       0xcc ./Drivers/STM32F4xx_HAL_Driver/Src/stm32f4xx_hal_tim.o
 .text.TIM_OC2_SetConfig
                0x080050d4       0xd8 ./Drivers/STM32F4xx_HAL_Driver/Src/stm32f4xx_hal_tim.o
                0x080050d4                TIM_OC2_SetConfig
 .text.TIM_OC3_SetConfig
                0x080051ac       0xd4 ./Drivers/STM32F4xx_HAL_Driver/Src/stm32f4xx_hal_tim.o
 .text.TIM_OC4_SetConfig
                0x08005280       0xa0 ./Drivers/STM32F4xx_HAL_Driver/Src/stm32f4xx_hal_tim.o
 .text.TIM_TI1_ConfigInputStage
                0x08005320       0x5e ./Drivers/STM32F4xx_HAL_Driver/Src/stm32f4xx_hal_tim.o
 .text.TIM_TI2_ConfigInputStage
                0x0800537e       0x60 ./Drivers/STM32F4xx_HAL_Driver/Src/stm32f4xx_hal_tim.o
 .text.TIM_ITRx_SetConfig
                0x080053de       0x36 ./Drivers/STM32F4xx_HAL_Driver/Src/stm32f4xx_hal_tim.o
 .text.TIM_ETR_SetConfig
                0x08005414       0x40 ./Drivers/STM32F4xx_HAL_Driver/Src/stm32f4xx_hal_tim.o
                0x08005414                TIM_ETR_SetConfig
 .text.TIM_CCxChannelCmd
                0x08005454       0x4a ./Drivers/STM32F4xx_HAL_Driver/Src/stm32f4xx_hal_tim.o
                0x08005454                TIM_CCxChannelCmd
 *fill*         0x0800549e        0x2 
 .text.HAL_TIMEx_MasterConfigSynchronization
                0x080054a0       0xdc ./Drivers/STM32F4xx_HAL_Driver/Src/stm32f4xx_hal_tim_ex.o
                0x080054a0                HAL_TIMEx_MasterConfigSynchronization
 .text.HAL_TIMEx_ConfigBreakDeadTime
                0x0800557c       0xa4 ./Drivers/STM32F4xx_HAL_Driver/Src/stm32f4xx_hal_tim_ex.o
                0x0800557c                HAL_TIMEx_ConfigBreakDeadTime
 .text.HAL_TIMEx_CommutCallback
                0x08005620       0x14 ./Drivers/STM32F4xx_HAL_Driver/Src/stm32f4xx_hal_tim_ex.o
                0x08005620                HAL_TIMEx_CommutCallback
 .text.HAL_TIMEx_BreakCallback
                0x08005634       0x14 ./Drivers/STM32F4xx_HAL_Driver/Src/stm32f4xx_hal_tim_ex.o
                0x08005634                HAL_TIMEx_BreakCallback
 .text.HAL_UART_Init
                0x08005648       0xa0 ./Drivers/STM32F4xx_HAL_Driver/Src/stm32f4xx_hal_uart.o
                0x08005648                HAL_UART_Init
 .text.HAL_UART_Transmit
                0x080056e8      0x116 ./Drivers/STM32F4xx_HAL_Driver/Src/stm32f4xx_hal_uart.o
                0x080056e8                HAL_UART_Transmit
 .text.HAL_UART_Receive_IT
                0x080057fe       0x4a ./Drivers/STM32F4xx_HAL_Driver/Src/stm32f4xx_hal_uart.o
                0x080057fe                HAL_UART_Receive_IT
 .text.HAL_UART_IRQHandler
                0x08005848      0x554 ./Drivers/STM32F4xx_HAL_Driver/Src/stm32f4xx_hal_uart.o
                0x08005848                HAL_UART_IRQHandler
 .text.HAL_UART_TxCpltCallback
                0x08005d9c       0x14 ./Drivers/STM32F4xx_HAL_Driver/Src/stm32f4xx_hal_uart.o
                0x08005d9c                HAL_UART_TxCpltCallback
 .text.HAL_UART_ErrorCallback
                0x08005db0       0x14 ./Drivers/STM32F4xx_HAL_Driver/Src/stm32f4xx_hal_uart.o
                0x08005db0                HAL_UART_ErrorCallback
 .text.HAL_UARTEx_RxEventCallback
                0x08005dc4       0x18 ./Drivers/STM32F4xx_HAL_Driver/Src/stm32f4xx_hal_uart.o
                0x08005dc4                HAL_UARTEx_RxEventCallback
 .text.UART_WaitOnFlagUntilTimeout
                0x08005ddc       0xb2 ./Drivers/STM32F4xx_HAL_Driver/Src/stm32f4xx_hal_uart.o
 .text.UART_Start_Receive_IT
                0x08005e8e       0x74 ./Drivers/STM32F4xx_HAL_Driver/Src/stm32f4xx_hal_uart.o
                0x08005e8e                UART_Start_Receive_IT
 .text.UART_EndRxTransfer
                0x08005f02       0xc6 ./Drivers/STM32F4xx_HAL_Driver/Src/stm32f4xx_hal_uart.o
 .text.UART_DMAAbortOnError
                0x08005fc8       0x22 ./Drivers/STM32F4xx_HAL_Driver/Src/stm32f4xx_hal_uart.o
 .text.UART_Transmit_IT
                0x08005fea       0xa0 ./Drivers/STM32F4xx_HAL_Driver/Src/stm32f4xx_hal_uart.o
 .text.UART_EndTransmit_IT
                0x0800608a       0x30 ./Drivers/STM32F4xx_HAL_Driver/Src/stm32f4xx_hal_uart.o
 .text.UART_Receive_IT
                0x080060ba      0x17c ./Drivers/STM32F4xx_HAL_Driver/Src/stm32f4xx_hal_uart.o
 *fill*         0x08006236        0x2 
 .text.UART_SetConfig
                0x08006238      0x4e8 ./Drivers/STM32F4xx_HAL_Driver/Src/stm32f4xx_hal_uart.o
 .text.atoi     0x08006720        0x8 C:/ST/STM32CubeIDE_1.18.1/STM32CubeIDE/plugins/com.st.stm32cube.ide.mcu.externaltools.gnu-tools-for-stm32.13.3.rel1.win32_1.0.0.202411081344/tools/bin/../lib/gcc/arm-none-eabi/13.3.1/../../../../arm-none-eabi/lib/thumb/v7e-m+fp/hard\libc_nano.a(libc_a-atoi.o)
                0x08006720                atoi
 .text._strtol_l.isra.0
                0x08006728       0xf4 C:/ST/STM32CubeIDE_1.18.1/STM32CubeIDE/plugins/com.st.stm32cube.ide.mcu.externaltools.gnu-tools-for-stm32.13.3.rel1.win32_1.0.0.202411081344/tools/bin/../lib/gcc/arm-none-eabi/13.3.1/../../../../arm-none-eabi/lib/thumb/v7e-m+fp/hard\libc_nano.a(libc_a-strtol.o)
 .text.strtol   0x0800681c       0x14 C:/ST/STM32CubeIDE_1.18.1/STM32CubeIDE/plugins/com.st.stm32cube.ide.mcu.externaltools.gnu-tools-for-stm32.13.3.rel1.win32_1.0.0.202411081344/tools/bin/../lib/gcc/arm-none-eabi/13.3.1/../../../../arm-none-eabi/lib/thumb/v7e-m+fp/hard\libc_nano.a(libc_a-strtol.o)
                0x0800681c                strtol
 .text.__cvt    0x08006830       0xca C:/ST/STM32CubeIDE_1.18.1/STM32CubeIDE/plugins/com.st.stm32cube.ide.mcu.externaltools.gnu-tools-for-stm32.13.3.rel1.win32_1.0.0.202411081344/tools/bin/../lib/gcc/arm-none-eabi/13.3.1/../../../../arm-none-eabi/lib/thumb/v7e-m+fp/hard\libc_nano.a(libc_a-nano-vfprintf_float.o)
                0x08006830                __cvt
 .text.__exponent
                0x080068fa       0x74 C:/ST/STM32CubeIDE_1.18.1/STM32CubeIDE/plugins/com.st.stm32cube.ide.mcu.externaltools.gnu-tools-for-stm32.13.3.rel1.win32_1.0.0.202411081344/tools/bin/../lib/gcc/arm-none-eabi/13.3.1/../../../../arm-none-eabi/lib/thumb/v7e-m+fp/hard\libc_nano.a(libc_a-nano-vfprintf_float.o)
                0x080068fa                __exponent
 *fill*         0x0800696e        0x2 
 .text._printf_float
                0x08006970      0x454 C:/ST/STM32CubeIDE_1.18.1/STM32CubeIDE/plugins/com.st.stm32cube.ide.mcu.externaltools.gnu-tools-for-stm32.13.3.rel1.win32_1.0.0.202411081344/tools/bin/../lib/gcc/arm-none-eabi/13.3.1/../../../../arm-none-eabi/lib/thumb/v7e-m+fp/hard\libc_nano.a(libc_a-nano-vfprintf_float.o)
                0x08006970                _printf_float
 .text._printf_common
                0x08006dc4       0xda C:/ST/STM32CubeIDE_1.18.1/STM32CubeIDE/plugins/com.st.stm32cube.ide.mcu.externaltools.gnu-tools-for-stm32.13.3.rel1.win32_1.0.0.202411081344/tools/bin/../lib/gcc/arm-none-eabi/13.3.1/../../../../arm-none-eabi/lib/thumb/v7e-m+fp/hard\libc_nano.a(libc_a-nano-vfprintf_i.o)
                0x08006dc4                _printf_common
 *fill*         0x08006e9e        0x2 
 .text._printf_i
                0x08006ea0      0x23c C:/ST/STM32CubeIDE_1.18.1/STM32CubeIDE/plugins/com.st.stm32cube.ide.mcu.externaltools.gnu-tools-for-stm32.13.3.rel1.win32_1.0.0.202411081344/tools/bin/../lib/gcc/arm-none-eabi/13.3.1/../../../../arm-none-eabi/lib/thumb/v7e-m+fp/hard\libc_nano.a(libc_a-nano-vfprintf_i.o)
                0x08006ea0                _printf_i
 .text.std      0x080070dc       0x6c C:/ST/STM32CubeIDE_1.18.1/STM32CubeIDE/plugins/com.st.stm32cube.ide.mcu.externaltools.gnu-tools-for-stm32.13.3.rel1.win32_1.0.0.202411081344/tools/bin/../lib/gcc/arm-none-eabi/13.3.1/../../../../arm-none-eabi/lib/thumb/v7e-m+fp/hard\libc_nano.a(libc_a-findfp.o)
 .text.stdio_exit_handler
                0x08007148       0x18 C:/ST/STM32CubeIDE_1.18.1/STM32CubeIDE/plugins/com.st.stm32cube.ide.mcu.externaltools.gnu-tools-for-stm32.13.3.rel1.win32_1.0.0.202411081344/tools/bin/../lib/gcc/arm-none-eabi/13.3.1/../../../../arm-none-eabi/lib/thumb/v7e-m+fp/hard\libc_nano.a(libc_a-findfp.o)
 .text.cleanup_stdio
                0x08007160       0x40 C:/ST/STM32CubeIDE_1.18.1/STM32CubeIDE/plugins/com.st.stm32cube.ide.mcu.externaltools.gnu-tools-for-stm32.13.3.rel1.win32_1.0.0.202411081344/tools/bin/../lib/gcc/arm-none-eabi/13.3.1/../../../../arm-none-eabi/lib/thumb/v7e-m+fp/hard\libc_nano.a(libc_a-findfp.o)
 .text.global_stdio_init.part.0
                0x080071a0       0x3c C:/ST/STM32CubeIDE_1.18.1/STM32CubeIDE/plugins/com.st.stm32cube.ide.mcu.externaltools.gnu-tools-for-stm32.13.3.rel1.win32_1.0.0.202411081344/tools/bin/../lib/gcc/arm-none-eabi/13.3.1/../../../../arm-none-eabi/lib/thumb/v7e-m+fp/hard\libc_nano.a(libc_a-findfp.o)
 .text.__sfp_lock_acquire
                0x080071dc        0xc C:/ST/STM32CubeIDE_1.18.1/STM32CubeIDE/plugins/com.st.stm32cube.ide.mcu.externaltools.gnu-tools-for-stm32.13.3.rel1.win32_1.0.0.202411081344/tools/bin/../lib/gcc/arm-none-eabi/13.3.1/../../../../arm-none-eabi/lib/thumb/v7e-m+fp/hard\libc_nano.a(libc_a-findfp.o)
                0x080071dc                __sfp_lock_acquire
 .text.__sfp_lock_release
                0x080071e8        0xc C:/ST/STM32CubeIDE_1.18.1/STM32CubeIDE/plugins/com.st.stm32cube.ide.mcu.externaltools.gnu-tools-for-stm32.13.3.rel1.win32_1.0.0.202411081344/tools/bin/../lib/gcc/arm-none-eabi/13.3.1/../../../../arm-none-eabi/lib/thumb/v7e-m+fp/hard\libc_nano.a(libc_a-findfp.o)
                0x080071e8                __sfp_lock_release
 .text.__sinit  0x080071f4       0x30 C:/ST/STM32CubeIDE_1.18.1/STM32CubeIDE/plugins/com.st.stm32cube.ide.mcu.externaltools.gnu-tools-for-stm32.13.3.rel1.win32_1.0.0.202411081344/tools/bin/../lib/gcc/arm-none-eabi/13.3.1/../../../../arm-none-eabi/lib/thumb/v7e-m+fp/hard\libc_nano.a(libc_a-findfp.o)
                0x080071f4                __sinit
 .text._fwalk_sglue
                0x08007224       0x3c C:/ST/STM32CubeIDE_1.18.1/STM32CubeIDE/plugins/com.st.stm32cube.ide.mcu.externaltools.gnu-tools-for-stm32.13.3.rel1.win32_1.0.0.202411081344/tools/bin/../lib/gcc/arm-none-eabi/13.3.1/../../../../arm-none-eabi/lib/thumb/v7e-m+fp/hard\libc_nano.a(libc_a-fwalk.o)
                0x08007224                _fwalk_sglue
 .text.printf   0x08007260       0x24 C:/ST/STM32CubeIDE_1.18.1/STM32CubeIDE/plugins/com.st.stm32cube.ide.mcu.externaltools.gnu-tools-for-stm32.13.3.rel1.win32_1.0.0.202411081344/tools/bin/../lib/gcc/arm-none-eabi/13.3.1/../../../../arm-none-eabi/lib/thumb/v7e-m+fp/hard\libc_nano.a(libc_a-printf.o)
                0x08007260                iprintf
                0x08007260                printf
 .text.putchar  0x08007284       0x10 C:/ST/STM32CubeIDE_1.18.1/STM32CubeIDE/plugins/com.st.stm32cube.ide.mcu.externaltools.gnu-tools-for-stm32.13.3.rel1.win32_1.0.0.202411081344/tools/bin/../lib/gcc/arm-none-eabi/13.3.1/../../../../arm-none-eabi/lib/thumb/v7e-m+fp/hard\libc_nano.a(libc_a-putchar.o)
                0x08007284                putchar
 .text._puts_r  0x08007294       0xaa C:/ST/STM32CubeIDE_1.18.1/STM32CubeIDE/plugins/com.st.stm32cube.ide.mcu.externaltools.gnu-tools-for-stm32.13.3.rel1.win32_1.0.0.202411081344/tools/bin/../lib/gcc/arm-none-eabi/13.3.1/../../../../arm-none-eabi/lib/thumb/v7e-m+fp/hard\libc_nano.a(libc_a-puts.o)
                0x08007294                _puts_r
 *fill*         0x0800733e        0x2 
 .text.puts     0x08007340       0x10 C:/ST/STM32CubeIDE_1.18.1/STM32CubeIDE/plugins/com.st.stm32cube.ide.mcu.externaltools.gnu-tools-for-stm32.13.3.rel1.win32_1.0.0.202411081344/tools/bin/../lib/gcc/arm-none-eabi/13.3.1/../../../../arm-none-eabi/lib/thumb/v7e-m+fp/hard\libc_nano.a(libc_a-puts.o)
                0x08007340                puts
 .text.sprintf  0x08007350       0x44 C:/ST/STM32CubeIDE_1.18.1/STM32CubeIDE/plugins/com.st.stm32cube.ide.mcu.externaltools.gnu-tools-for-stm32.13.3.rel1.win32_1.0.0.202411081344/tools/bin/../lib/gcc/arm-none-eabi/13.3.1/../../../../arm-none-eabi/lib/thumb/v7e-m+fp/hard\libc_nano.a(libc_a-sprintf.o)
                0x08007350                siprintf
                0x08007350                sprintf
 .text.__sread  0x08007394       0x22 C:/ST/STM32CubeIDE_1.18.1/STM32CubeIDE/plugins/com.st.stm32cube.ide.mcu.externaltools.gnu-tools-for-stm32.13.3.rel1.win32_1.0.0.202411081344/tools/bin/../lib/gcc/arm-none-eabi/13.3.1/../../../../arm-none-eabi/lib/thumb/v7e-m+fp/hard\libc_nano.a(libc_a-stdio.o)
                0x08007394                __sread
 .text.__swrite
                0x080073b6       0x38 C:/ST/STM32CubeIDE_1.18.1/STM32CubeIDE/plugins/com.st.stm32cube.ide.mcu.externaltools.gnu-tools-for-stm32.13.3.rel1.win32_1.0.0.202411081344/tools/bin/../lib/gcc/arm-none-eabi/13.3.1/../../../../arm-none-eabi/lib/thumb/v7e-m+fp/hard\libc_nano.a(libc_a-stdio.o)
                0x080073b6                __swrite
 .text.__sseek  0x080073ee       0x24 C:/ST/STM32CubeIDE_1.18.1/STM32CubeIDE/plugins/com.st.stm32cube.ide.mcu.externaltools.gnu-tools-for-stm32.13.3.rel1.win32_1.0.0.202411081344/tools/bin/../lib/gcc/arm-none-eabi/13.3.1/../../../../arm-none-eabi/lib/thumb/v7e-m+fp/hard\libc_nano.a(libc_a-stdio.o)
                0x080073ee                __sseek
 .text.__sclose
                0x08007412        0x8 C:/ST/STM32CubeIDE_1.18.1/STM32CubeIDE/plugins/com.st.stm32cube.ide.mcu.externaltools.gnu-tools-for-stm32.13.3.rel1.win32_1.0.0.202411081344/tools/bin/../lib/gcc/arm-none-eabi/13.3.1/../../../../arm-none-eabi/lib/thumb/v7e-m+fp/hard\libc_nano.a(libc_a-stdio.o)
                0x08007412                __sclose
 .text.__swbuf_r
                0x0800741a       0x7c C:/ST/STM32CubeIDE_1.18.1/STM32CubeIDE/plugins/com.st.stm32cube.ide.mcu.externaltools.gnu-tools-for-stm32.13.3.rel1.win32_1.0.0.202411081344/tools/bin/../lib/gcc/arm-none-eabi/13.3.1/../../../../arm-none-eabi/lib/thumb/v7e-m+fp/hard\libc_nano.a(libc_a-wbuf.o)
                0x0800741a                __swbuf_r
 *fill*         0x08007496        0x2 
 .text.__swsetup_r
                0x08007498       0xac C:/ST/STM32CubeIDE_1.18.1/STM32CubeIDE/plugins/com.st.stm32cube.ide.mcu.externaltools.gnu-tools-for-stm32.13.3.rel1.win32_1.0.0.202411081344/tools/bin/../lib/gcc/arm-none-eabi/13.3.1/../../../../arm-none-eabi/lib/thumb/v7e-m+fp/hard\libc_nano.a(libc_a-wsetup.o)
                0x08007498                __swsetup_r
 .text.memset   0x08007544       0x10 C:/ST/STM32CubeIDE_1.18.1/STM32CubeIDE/plugins/com.st.stm32cube.ide.mcu.externaltools.gnu-tools-for-stm32.13.3.rel1.win32_1.0.0.202411081344/tools/bin/../lib/gcc/arm-none-eabi/13.3.1/../../../../arm-none-eabi/lib/thumb/v7e-m+fp/hard\libc_nano.a(libc_a-memset.o)
                0x08007544                memset
 .text.strchr   0x08007554       0x1a C:/ST/STM32CubeIDE_1.18.1/STM32CubeIDE/plugins/com.st.stm32cube.ide.mcu.externaltools.gnu-tools-for-stm32.13.3.rel1.win32_1.0.0.202411081344/tools/bin/../lib/gcc/arm-none-eabi/13.3.1/../../../../arm-none-eabi/lib/thumb/v7e-m+fp/hard\libc_nano.a(libc_a-strchr.o)
                0x08007554                strchr
 .text.strncmp  0x0800756e       0x24 C:/ST/STM32CubeIDE_1.18.1/STM32CubeIDE/plugins/com.st.stm32cube.ide.mcu.externaltools.gnu-tools-for-stm32.13.3.rel1.win32_1.0.0.202411081344/tools/bin/../lib/gcc/arm-none-eabi/13.3.1/../../../../arm-none-eabi/lib/thumb/v7e-m+fp/hard\libc_nano.a(libc_a-strncmp.o)
                0x0800756e                strncmp
 *fill*         0x08007592        0x2 
 .text.strtok   0x08007594       0x68 C:/ST/STM32CubeIDE_1.18.1/STM32CubeIDE/plugins/com.st.stm32cube.ide.mcu.externaltools.gnu-tools-for-stm32.13.3.rel1.win32_1.0.0.202411081344/tools/bin/../lib/gcc/arm-none-eabi/13.3.1/../../../../arm-none-eabi/lib/thumb/v7e-m+fp/hard\libc_nano.a(libc_a-strtok.o)
                0x08007594                strtok
 .text.__strtok_r
                0x080075fc       0x50 C:/ST/STM32CubeIDE_1.18.1/STM32CubeIDE/plugins/com.st.stm32cube.ide.mcu.externaltools.gnu-tools-for-stm32.13.3.rel1.win32_1.0.0.202411081344/tools/bin/../lib/gcc/arm-none-eabi/13.3.1/../../../../arm-none-eabi/lib/thumb/v7e-m+fp/hard\libc_nano.a(libc_a-strtok_r.o)
                0x080075fc                __strtok_r
 .text.strstr   0x0800764c       0x2c C:/ST/STM32CubeIDE_1.18.1/STM32CubeIDE/plugins/com.st.stm32cube.ide.mcu.externaltools.gnu-tools-for-stm32.13.3.rel1.win32_1.0.0.202411081344/tools/bin/../lib/gcc/arm-none-eabi/13.3.1/../../../../arm-none-eabi/lib/thumb/v7e-m+fp/hard\libc_nano.a(libc_a-strstr.o)
                0x0800764c                strstr
 .text._localeconv_r
                0x08007678        0x8 C:/ST/STM32CubeIDE_1.18.1/STM32CubeIDE/plugins/com.st.stm32cube.ide.mcu.externaltools.gnu-tools-for-stm32.13.3.rel1.win32_1.0.0.202411081344/tools/bin/../lib/gcc/arm-none-eabi/13.3.1/../../../../arm-none-eabi/lib/thumb/v7e-m+fp/hard\libc_nano.a(libc_a-localeconv.o)
                0x08007678                _localeconv_r
 .text._close_r
                0x08007680       0x20 C:/ST/STM32CubeIDE_1.18.1/STM32CubeIDE/plugins/com.st.stm32cube.ide.mcu.externaltools.gnu-tools-for-stm32.13.3.rel1.win32_1.0.0.202411081344/tools/bin/../lib/gcc/arm-none-eabi/13.3.1/../../../../arm-none-eabi/lib/thumb/v7e-m+fp/hard\libc_nano.a(libc_a-closer.o)
                0x08007680                _close_r
 .text._lseek_r
                0x080076a0       0x24 C:/ST/STM32CubeIDE_1.18.1/STM32CubeIDE/plugins/com.st.stm32cube.ide.mcu.externaltools.gnu-tools-for-stm32.13.3.rel1.win32_1.0.0.202411081344/tools/bin/../lib/gcc/arm-none-eabi/13.3.1/../../../../arm-none-eabi/lib/thumb/v7e-m+fp/hard\libc_nano.a(libc_a-lseekr.o)
                0x080076a0                _lseek_r
 .text._read_r  0x080076c4       0x24 C:/ST/STM32CubeIDE_1.18.1/STM32CubeIDE/plugins/com.st.stm32cube.ide.mcu.externaltools.gnu-tools-for-stm32.13.3.rel1.win32_1.0.0.202411081344/tools/bin/../lib/gcc/arm-none-eabi/13.3.1/../../../../arm-none-eabi/lib/thumb/v7e-m+fp/hard\libc_nano.a(libc_a-readr.o)
                0x080076c4                _read_r
 .text._write_r
                0x080076e8       0x24 C:/ST/STM32CubeIDE_1.18.1/STM32CubeIDE/plugins/com.st.stm32cube.ide.mcu.externaltools.gnu-tools-for-stm32.13.3.rel1.win32_1.0.0.202411081344/tools/bin/../lib/gcc/arm-none-eabi/13.3.1/../../../../arm-none-eabi/lib/thumb/v7e-m+fp/hard\libc_nano.a(libc_a-writer.o)
                0x080076e8                _write_r
 .text.__errno  0x0800770c        0xc C:/ST/STM32CubeIDE_1.18.1/STM32CubeIDE/plugins/com.st.stm32cube.ide.mcu.externaltools.gnu-tools-for-stm32.13.3.rel1.win32_1.0.0.202411081344/tools/bin/../lib/gcc/arm-none-eabi/13.3.1/../../../../arm-none-eabi/lib/thumb/v7e-m+fp/hard\libc_nano.a(libc_a-errno.o)
                0x0800770c                __errno
 .text.__libc_init_array
                0x08007718       0x48 C:/ST/STM32CubeIDE_1.18.1/STM32CubeIDE/plugins/com.st.stm32cube.ide.mcu.externaltools.gnu-tools-for-stm32.13.3.rel1.win32_1.0.0.202411081344/tools/bin/../lib/gcc/arm-none-eabi/13.3.1/../../../../arm-none-eabi/lib/thumb/v7e-m+fp/hard\libc_nano.a(libc_a-init.o)
                0x08007718                __libc_init_array
 .text.__retarget_lock_init_recursive
                0x08007760        0x2 C:/ST/STM32CubeIDE_1.18.1/STM32CubeIDE/plugins/com.st.stm32cube.ide.mcu.externaltools.gnu-tools-for-stm32.13.3.rel1.win32_1.0.0.202411081344/tools/bin/../lib/gcc/arm-none-eabi/13.3.1/../../../../arm-none-eabi/lib/thumb/v7e-m+fp/hard\libc_nano.a(libc_a-lock.o)
                0x08007760                __retarget_lock_init_recursive
 .text.__retarget_lock_acquire_recursive
                0x08007762        0x2 C:/ST/STM32CubeIDE_1.18.1/STM32CubeIDE/plugins/com.st.stm32cube.ide.mcu.externaltools.gnu-tools-for-stm32.13.3.rel1.win32_1.0.0.202411081344/tools/bin/../lib/gcc/arm-none-eabi/13.3.1/../../../../arm-none-eabi/lib/thumb/v7e-m+fp/hard\libc_nano.a(libc_a-lock.o)
                0x08007762                __retarget_lock_acquire_recursive
 .text.__retarget_lock_release_recursive
                0x08007764        0x2 C:/ST/STM32CubeIDE_1.18.1/STM32CubeIDE/plugins/com.st.stm32cube.ide.mcu.externaltools.gnu-tools-for-stm32.13.3.rel1.win32_1.0.0.202411081344/tools/bin/../lib/gcc/arm-none-eabi/13.3.1/../../../../arm-none-eabi/lib/thumb/v7e-m+fp/hard\libc_nano.a(libc_a-lock.o)
                0x08007764                __retarget_lock_release_recursive
 .text.strcpy   0x08007766       0x10 C:/ST/STM32CubeIDE_1.18.1/STM32CubeIDE/plugins/com.st.stm32cube.ide.mcu.externaltools.gnu-tools-for-stm32.13.3.rel1.win32_1.0.0.202411081344/tools/bin/../lib/gcc/arm-none-eabi/13.3.1/../../../../arm-none-eabi/lib/thumb/v7e-m+fp/hard\libc_nano.a(libc_a-strcpy.o)
                0x08007766                strcpy
 .text.memcpy   0x08007776       0x1c C:/ST/STM32CubeIDE_1.18.1/STM32CubeIDE/plugins/com.st.stm32cube.ide.mcu.externaltools.gnu-tools-for-stm32.13.3.rel1.win32_1.0.0.202411081344/tools/bin/../lib/gcc/arm-none-eabi/13.3.1/../../../../arm-none-eabi/lib/thumb/v7e-m+fp/hard\libc_nano.a(libc_a-memcpy-stub.o)
                0x08007776                memcpy
 *fill*         0x08007792        0x2 
 .text.__assert_func
                0x08007794       0x3c C:/ST/STM32CubeIDE_1.18.1/STM32CubeIDE/plugins/com.st.stm32cube.ide.mcu.externaltools.gnu-tools-for-stm32.13.3.rel1.win32_1.0.0.202411081344/tools/bin/../lib/gcc/arm-none-eabi/13.3.1/../../../../arm-none-eabi/lib/thumb/v7e-m+fp/hard\libc_nano.a(libc_a-assert.o)
                0x08007794                __assert_func
 .text.quorem   0x080077d0      0x110 C:/ST/STM32CubeIDE_1.18.1/STM32CubeIDE/plugins/com.st.stm32cube.ide.mcu.externaltools.gnu-tools-for-stm32.13.3.rel1.win32_1.0.0.202411081344/tools/bin/../lib/gcc/arm-none-eabi/13.3.1/../../../../arm-none-eabi/lib/thumb/v7e-m+fp/hard\libc_nano.a(libc_a-dtoa.o)
 .text._dtoa_r  0x080078e0      0xba0 C:/ST/STM32CubeIDE_1.18.1/STM32CubeIDE/plugins/com.st.stm32cube.ide.mcu.externaltools.gnu-tools-for-stm32.13.3.rel1.win32_1.0.0.202411081344/tools/bin/../lib/gcc/arm-none-eabi/13.3.1/../../../../arm-none-eabi/lib/thumb/v7e-m+fp/hard\libc_nano.a(libc_a-dtoa.o)
                0x080078e0                _dtoa_r
 .text._free_r  0x08008480       0x94 C:/ST/STM32CubeIDE_1.18.1/STM32CubeIDE/plugins/com.st.stm32cube.ide.mcu.externaltools.gnu-tools-for-stm32.13.3.rel1.win32_1.0.0.202411081344/tools/bin/../lib/gcc/arm-none-eabi/13.3.1/../../../../arm-none-eabi/lib/thumb/v7e-m+fp/hard\libc_nano.a(libc_a-freer.o)
                0x08008480                _free_r
 .text.malloc   0x08008514       0x10 C:/ST/STM32CubeIDE_1.18.1/STM32CubeIDE/plugins/com.st.stm32cube.ide.mcu.externaltools.gnu-tools-for-stm32.13.3.rel1.win32_1.0.0.202411081344/tools/bin/../lib/gcc/arm-none-eabi/13.3.1/../../../../arm-none-eabi/lib/thumb/v7e-m+fp/hard\libc_nano.a(libc_a-malloc.o)
                0x08008514                malloc
 .text.sbrk_aligned
                0x08008524       0x44 C:/ST/STM32CubeIDE_1.18.1/STM32CubeIDE/plugins/com.st.stm32cube.ide.mcu.externaltools.gnu-tools-for-stm32.13.3.rel1.win32_1.0.0.202411081344/tools/bin/../lib/gcc/arm-none-eabi/13.3.1/../../../../arm-none-eabi/lib/thumb/v7e-m+fp/hard\libc_nano.a(libc_a-mallocr.o)
 .text._malloc_r
                0x08008568      0x100 C:/ST/STM32CubeIDE_1.18.1/STM32CubeIDE/plugins/com.st.stm32cube.ide.mcu.externaltools.gnu-tools-for-stm32.13.3.rel1.win32_1.0.0.202411081344/tools/bin/../lib/gcc/arm-none-eabi/13.3.1/../../../../arm-none-eabi/lib/thumb/v7e-m+fp/hard\libc_nano.a(libc_a-mallocr.o)
                0x08008568                _malloc_r
 .text.__malloc_lock
                0x08008668        0xc C:/ST/STM32CubeIDE_1.18.1/STM32CubeIDE/plugins/com.st.stm32cube.ide.mcu.externaltools.gnu-tools-for-stm32.13.3.rel1.win32_1.0.0.202411081344/tools/bin/../lib/gcc/arm-none-eabi/13.3.1/../../../../arm-none-eabi/lib/thumb/v7e-m+fp/hard\libc_nano.a(libc_a-mlock.o)
                0x08008668                __malloc_lock
 .text.__malloc_unlock
                0x08008674        0xc C:/ST/STM32CubeIDE_1.18.1/STM32CubeIDE/plugins/com.st.stm32cube.ide.mcu.externaltools.gnu-tools-for-stm32.13.3.rel1.win32_1.0.0.202411081344/tools/bin/../lib/gcc/arm-none-eabi/13.3.1/../../../../arm-none-eabi/lib/thumb/v7e-m+fp/hard\libc_nano.a(libc_a-mlock.o)
                0x08008674                __malloc_unlock
 .text._Balloc  0x08008680       0x80 C:/ST/STM32CubeIDE_1.18.1/STM32CubeIDE/plugins/com.st.stm32cube.ide.mcu.externaltools.gnu-tools-for-stm32.13.3.rel1.win32_1.0.0.202411081344/tools/bin/../lib/gcc/arm-none-eabi/13.3.1/../../../../arm-none-eabi/lib/thumb/v7e-m+fp/hard\libc_nano.a(libc_a-mprec.o)
                0x08008680                _Balloc
 .text._Bfree   0x08008700       0x44 C:/ST/STM32CubeIDE_1.18.1/STM32CubeIDE/plugins/com.st.stm32cube.ide.mcu.externaltools.gnu-tools-for-stm32.13.3.rel1.win32_1.0.0.202411081344/tools/bin/../lib/gcc/arm-none-eabi/13.3.1/../../../../arm-none-eabi/lib/thumb/v7e-m+fp/hard\libc_nano.a(libc_a-mprec.o)
                0x08008700                _Bfree
 .text.__multadd
                0x08008744       0x8c C:/ST/STM32CubeIDE_1.18.1/STM32CubeIDE/plugins/com.st.stm32cube.ide.mcu.externaltools.gnu-tools-for-stm32.13.3.rel1.win32_1.0.0.202411081344/tools/bin/../lib/gcc/arm-none-eabi/13.3.1/../../../../arm-none-eabi/lib/thumb/v7e-m+fp/hard\libc_nano.a(libc_a-mprec.o)
                0x08008744                __multadd
 .text.__hi0bits
                0x080087d0       0x3e C:/ST/STM32CubeIDE_1.18.1/STM32CubeIDE/plugins/com.st.stm32cube.ide.mcu.externaltools.gnu-tools-for-stm32.13.3.rel1.win32_1.0.0.202411081344/tools/bin/../lib/gcc/arm-none-eabi/13.3.1/../../../../arm-none-eabi/lib/thumb/v7e-m+fp/hard\libc_nano.a(libc_a-mprec.o)
                0x080087d0                __hi0bits
 .text.__lo0bits
                0x0800880e       0x5a C:/ST/STM32CubeIDE_1.18.1/STM32CubeIDE/plugins/com.st.stm32cube.ide.mcu.externaltools.gnu-tools-for-stm32.13.3.rel1.win32_1.0.0.202411081344/tools/bin/../lib/gcc/arm-none-eabi/13.3.1/../../../../arm-none-eabi/lib/thumb/v7e-m+fp/hard\libc_nano.a(libc_a-mprec.o)
                0x0800880e                __lo0bits
 .text.__i2b    0x08008868       0x2c C:/ST/STM32CubeIDE_1.18.1/STM32CubeIDE/plugins/com.st.stm32cube.ide.mcu.externaltools.gnu-tools-for-stm32.13.3.rel1.win32_1.0.0.202411081344/tools/bin/../lib/gcc/arm-none-eabi/13.3.1/../../../../arm-none-eabi/lib/thumb/v7e-m+fp/hard\libc_nano.a(libc_a-mprec.o)
                0x08008868                __i2b
 .text.__multiply
                0x08008894      0x144 C:/ST/STM32CubeIDE_1.18.1/STM32CubeIDE/plugins/com.st.stm32cube.ide.mcu.externaltools.gnu-tools-for-stm32.13.3.rel1.win32_1.0.0.202411081344/tools/bin/../lib/gcc/arm-none-eabi/13.3.1/../../../../arm-none-eabi/lib/thumb/v7e-m+fp/hard\libc_nano.a(libc_a-mprec.o)
                0x08008894                __multiply
 .text.__pow5mult
                0x080089d8       0xb4 C:/ST/STM32CubeIDE_1.18.1/STM32CubeIDE/plugins/com.st.stm32cube.ide.mcu.externaltools.gnu-tools-for-stm32.13.3.rel1.win32_1.0.0.202411081344/tools/bin/../lib/gcc/arm-none-eabi/13.3.1/../../../../arm-none-eabi/lib/thumb/v7e-m+fp/hard\libc_nano.a(libc_a-mprec.o)
                0x080089d8                __pow5mult
 .text.__lshift
                0x08008a8c       0xd8 C:/ST/STM32CubeIDE_1.18.1/STM32CubeIDE/plugins/com.st.stm32cube.ide.mcu.externaltools.gnu-tools-for-stm32.13.3.rel1.win32_1.0.0.202411081344/tools/bin/../lib/gcc/arm-none-eabi/13.3.1/../../../../arm-none-eabi/lib/thumb/v7e-m+fp/hard\libc_nano.a(libc_a-mprec.o)
                0x08008a8c                __lshift
 .text.__mcmp   0x08008b64       0x36 C:/ST/STM32CubeIDE_1.18.1/STM32CubeIDE/plugins/com.st.stm32cube.ide.mcu.externaltools.gnu-tools-for-stm32.13.3.rel1.win32_1.0.0.202411081344/tools/bin/../lib/gcc/arm-none-eabi/13.3.1/../../../../arm-none-eabi/lib/thumb/v7e-m+fp/hard\libc_nano.a(libc_a-mprec.o)
                0x08008b64                __mcmp
 *fill*         0x08008b9a        0x2 
 .text.__mdiff  0x08008b9c      0x128 C:/ST/STM32CubeIDE_1.18.1/STM32CubeIDE/plugins/com.st.stm32cube.ide.mcu.externaltools.gnu-tools-for-stm32.13.3.rel1.win32_1.0.0.202411081344/tools/bin/../lib/gcc/arm-none-eabi/13.3.1/../../../../arm-none-eabi/lib/thumb/v7e-m+fp/hard\libc_nano.a(libc_a-mprec.o)
                0x08008b9c                __mdiff
 .text.__d2b    0x08008cc4       0xb0 C:/ST/STM32CubeIDE_1.18.1/STM32CubeIDE/plugins/com.st.stm32cube.ide.mcu.externaltools.gnu-tools-for-stm32.13.3.rel1.win32_1.0.0.202411081344/tools/bin/../lib/gcc/arm-none-eabi/13.3.1/../../../../arm-none-eabi/lib/thumb/v7e-m+fp/hard\libc_nano.a(libc_a-mprec.o)
                0x08008cc4                __d2b
 .text.__ssputs_r
                0x08008d74       0xb6 C:/ST/STM32CubeIDE_1.18.1/STM32CubeIDE/plugins/com.st.stm32cube.ide.mcu.externaltools.gnu-tools-for-stm32.13.3.rel1.win32_1.0.0.202411081344/tools/bin/../lib/gcc/arm-none-eabi/13.3.1/../../../../arm-none-eabi/lib/thumb/v7e-m+fp/hard\libc_nano.a(libc_a-nano-svfprintf.o)
                0x08008d74                __ssputs_r
 *fill*         0x08008e2a        0x2 
 .text._svfprintf_r
                0x08008e2c      0x1f8 C:/ST/STM32CubeIDE_1.18.1/STM32CubeIDE/plugins/com.st.stm32cube.ide.mcu.externaltools.gnu-tools-for-stm32.13.3.rel1.win32_1.0.0.202411081344/tools/bin/../lib/gcc/arm-none-eabi/13.3.1/../../../../arm-none-eabi/lib/thumb/v7e-m+fp/hard\libc_nano.a(libc_a-nano-svfprintf.o)
                0x08008e2c                _svfiprintf_r
                0x08008e2c                _svfprintf_r
 .text.__sfputc_r
                0x08009024       0x2e C:/ST/STM32CubeIDE_1.18.1/STM32CubeIDE/plugins/com.st.stm32cube.ide.mcu.externaltools.gnu-tools-for-stm32.13.3.rel1.win32_1.0.0.202411081344/tools/bin/../lib/gcc/arm-none-eabi/13.3.1/../../../../arm-none-eabi/lib/thumb/v7e-m+fp/hard\libc_nano.a(libc_a-nano-vfprintf.o)
 .text.__sfputs_r
                0x08009052       0x24 C:/ST/STM32CubeIDE_1.18.1/STM32CubeIDE/plugins/com.st.stm32cube.ide.mcu.externaltools.gnu-tools-for-stm32.13.3.rel1.win32_1.0.0.202411081344/tools/bin/../lib/gcc/arm-none-eabi/13.3.1/../../../../arm-none-eabi/lib/thumb/v7e-m+fp/hard\libc_nano.a(libc_a-nano-vfprintf.o)
                0x08009052                __sfputs_r
 *fill*         0x08009076        0x2 
 .text._vfprintf_r
                0x08009078      0x230 C:/ST/STM32CubeIDE_1.18.1/STM32CubeIDE/plugins/com.st.stm32cube.ide.mcu.externaltools.gnu-tools-for-stm32.13.3.rel1.win32_1.0.0.202411081344/tools/bin/../lib/gcc/arm-none-eabi/13.3.1/../../../../arm-none-eabi/lib/thumb/v7e-m+fp/hard\libc_nano.a(libc_a-nano-vfprintf.o)
                0x08009078                _vfprintf_r
                0x08009078                _vfiprintf_r
 .text.__sflush_r
                0x080092a8      0x108 C:/ST/STM32CubeIDE_1.18.1/STM32CubeIDE/plugins/com.st.stm32cube.ide.mcu.externaltools.gnu-tools-for-stm32.13.3.rel1.win32_1.0.0.202411081344/tools/bin/../lib/gcc/arm-none-eabi/13.3.1/../../../../arm-none-eabi/lib/thumb/v7e-m+fp/hard\libc_nano.a(libc_a-fflush.o)
                0x080092a8                __sflush_r
 .text._fflush_r
                0x080093b0       0x50 C:/ST/STM32CubeIDE_1.18.1/STM32CubeIDE/plugins/com.st.stm32cube.ide.mcu.externaltools.gnu-tools-for-stm32.13.3.rel1.win32_1.0.0.202411081344/tools/bin/../lib/gcc/arm-none-eabi/13.3.1/../../../../arm-none-eabi/lib/thumb/v7e-m+fp/hard\libc_nano.a(libc_a-fflush.o)
                0x080093b0                _fflush_r
 .text.fprintf  0x08009400       0x24 C:/ST/STM32CubeIDE_1.18.1/STM32CubeIDE/plugins/com.st.stm32cube.ide.mcu.externaltools.gnu-tools-for-stm32.13.3.rel1.win32_1.0.0.202411081344/tools/bin/../lib/gcc/arm-none-eabi/13.3.1/../../../../arm-none-eabi/lib/thumb/v7e-m+fp/hard\libc_nano.a(libc_a-fprintf.o)
                0x08009400                fiprintf
                0x08009400                fprintf
 .text.__swhatbuf_r
                0x08009424       0x4c C:/ST/STM32CubeIDE_1.18.1/STM32CubeIDE/plugins/com.st.stm32cube.ide.mcu.externaltools.gnu-tools-for-stm32.13.3.rel1.win32_1.0.0.202411081344/tools/bin/../lib/gcc/arm-none-eabi/13.3.1/../../../../arm-none-eabi/lib/thumb/v7e-m+fp/hard\libc_nano.a(libc_a-makebuf.o)
                0x08009424                __swhatbuf_r
 .text.__smakebuf_r
                0x08009470       0x78 C:/ST/STM32CubeIDE_1.18.1/STM32CubeIDE/plugins/com.st.stm32cube.ide.mcu.externaltools.gnu-tools-for-stm32.13.3.rel1.win32_1.0.0.202411081344/tools/bin/../lib/gcc/arm-none-eabi/13.3.1/../../../../arm-none-eabi/lib/thumb/v7e-m+fp/hard\libc_nano.a(libc_a-makebuf.o)
                0x08009470                __smakebuf_r
 .text._putc_r  0x080094e8       0x68 C:/ST/STM32CubeIDE_1.18.1/STM32CubeIDE/plugins/com.st.stm32cube.ide.mcu.externaltools.gnu-tools-for-stm32.13.3.rel1.win32_1.0.0.202411081344/tools/bin/../lib/gcc/arm-none-eabi/13.3.1/../../../../arm-none-eabi/lib/thumb/v7e-m+fp/hard\libc_nano.a(libc_a-putc.o)
                0x080094e8                _putc_r
 .text.memmove  0x08009550       0x34 C:/ST/STM32CubeIDE_1.18.1/STM32CubeIDE/plugins/com.st.stm32cube.ide.mcu.externaltools.gnu-tools-for-stm32.13.3.rel1.win32_1.0.0.202411081344/tools/bin/../lib/gcc/arm-none-eabi/13.3.1/../../../../arm-none-eabi/lib/thumb/v7e-m+fp/hard\libc_nano.a(libc_a-memmove.o)
                0x08009550                memmove
 .text._fstat_r
                0x08009584       0x24 C:/ST/STM32CubeIDE_1.18.1/STM32CubeIDE/plugins/com.st.stm32cube.ide.mcu.externaltools.gnu-tools-for-stm32.13.3.rel1.win32_1.0.0.202411081344/tools/bin/../lib/gcc/arm-none-eabi/13.3.1/../../../../arm-none-eabi/lib/thumb/v7e-m+fp/hard\libc_nano.a(libc_a-fstatr.o)
                0x08009584                _fstat_r
 .text._isatty_r
                0x080095a8       0x20 C:/ST/STM32CubeIDE_1.18.1/STM32CubeIDE/plugins/com.st.stm32cube.ide.mcu.externaltools.gnu-tools-for-stm32.13.3.rel1.win32_1.0.0.202411081344/tools/bin/../lib/gcc/arm-none-eabi/13.3.1/../../../../arm-none-eabi/lib/thumb/v7e-m+fp/hard\libc_nano.a(libc_a-isattyr.o)
                0x080095a8                _isatty_r
 .text._sbrk_r  0x080095c8       0x20 C:/ST/STM32CubeIDE_1.18.1/STM32CubeIDE/plugins/com.st.stm32cube.ide.mcu.externaltools.gnu-tools-for-stm32.13.3.rel1.win32_1.0.0.202411081344/tools/bin/../lib/gcc/arm-none-eabi/13.3.1/../../../../arm-none-eabi/lib/thumb/v7e-m+fp/hard\libc_nano.a(libc_a-sbrkr.o)
                0x080095c8                _sbrk_r
 .text.abort    0x080095e8        0xe C:/ST/STM32CubeIDE_1.18.1/STM32CubeIDE/plugins/com.st.stm32cube.ide.mcu.externaltools.gnu-tools-for-stm32.13.3.rel1.win32_1.0.0.202411081344/tools/bin/../lib/gcc/arm-none-eabi/13.3.1/../../../../arm-none-eabi/lib/thumb/v7e-m+fp/hard\libc_nano.a(libc_a-abort.o)
                0x080095e8                abort
 .text._calloc_r
                0x080095f6       0x28 C:/ST/STM32CubeIDE_1.18.1/STM32CubeIDE/plugins/com.st.stm32cube.ide.mcu.externaltools.gnu-tools-for-stm32.13.3.rel1.win32_1.0.0.202411081344/tools/bin/../lib/gcc/arm-none-eabi/13.3.1/../../../../arm-none-eabi/lib/thumb/v7e-m+fp/hard\libc_nano.a(libc_a-callocr.o)
                0x080095f6                _calloc_r
 .text.__ascii_mbtowc
                0x0800961e       0x24 C:/ST/STM32CubeIDE_1.18.1/STM32CubeIDE/plugins/com.st.stm32cube.ide.mcu.externaltools.gnu-tools-for-stm32.13.3.rel1.win32_1.0.0.202411081344/tools/bin/../lib/gcc/arm-none-eabi/13.3.1/../../../../arm-none-eabi/lib/thumb/v7e-m+fp/hard\libc_nano.a(libc_a-mbtowc_r.o)
                0x0800961e                __ascii_mbtowc
 .text._realloc_r
                0x08009642       0x5c C:/ST/STM32CubeIDE_1.18.1/STM32CubeIDE/plugins/com.st.stm32cube.ide.mcu.externaltools.gnu-tools-for-stm32.13.3.rel1.win32_1.0.0.202411081344/tools/bin/../lib/gcc/arm-none-eabi/13.3.1/../../../../arm-none-eabi/lib/thumb/v7e-m+fp/hard\libc_nano.a(libc_a-reallocr.o)
                0x08009642                _realloc_r
 .text.__ascii_wctomb
                0x0800969e       0x1a C:/ST/STM32CubeIDE_1.18.1/STM32CubeIDE/plugins/com.st.stm32cube.ide.mcu.externaltools.gnu-tools-for-stm32.13.3.rel1.win32_1.0.0.202411081344/tools/bin/../lib/gcc/arm-none-eabi/13.3.1/../../../../arm-none-eabi/lib/thumb/v7e-m+fp/hard\libc_nano.a(libc_a-wctomb_r.o)
                0x0800969e                __ascii_wctomb
 .text._raise_r
                0x080096b8       0x50 C:/ST/STM32CubeIDE_1.18.1/STM32CubeIDE/plugins/com.st.stm32cube.ide.mcu.externaltools.gnu-tools-for-stm32.13.3.rel1.win32_1.0.0.202411081344/tools/bin/../lib/gcc/arm-none-eabi/13.3.1/../../../../arm-none-eabi/lib/thumb/v7e-m+fp/hard\libc_nano.a(libc_a-signal.o)
                0x080096b8                _raise_r
 .text.raise    0x08009708       0x10 C:/ST/STM32CubeIDE_1.18.1/STM32CubeIDE/plugins/com.st.stm32cube.ide.mcu.externaltools.gnu-tools-for-stm32.13.3.rel1.win32_1.0.0.202411081344/tools/bin/../lib/gcc/arm-none-eabi/13.3.1/../../../../arm-none-eabi/lib/thumb/v7e-m+fp/hard\libc_nano.a(libc_a-signal.o)
                0x08009708                raise
 .text._kill_r  0x08009718       0x24 C:/ST/STM32CubeIDE_1.18.1/STM32CubeIDE/plugins/com.st.stm32cube.ide.mcu.externaltools.gnu-tools-for-stm32.13.3.rel1.win32_1.0.0.202411081344/tools/bin/../lib/gcc/arm-none-eabi/13.3.1/../../../../arm-none-eabi/lib/thumb/v7e-m+fp/hard\libc_nano.a(libc_a-signalr.o)
                0x08009718                _kill_r
 .text._getpid_r
                0x0800973c        0x4 C:/ST/STM32CubeIDE_1.18.1/STM32CubeIDE/plugins/com.st.stm32cube.ide.mcu.externaltools.gnu-tools-for-stm32.13.3.rel1.win32_1.0.0.202411081344/tools/bin/../lib/gcc/arm-none-eabi/13.3.1/../../../../arm-none-eabi/lib/thumb/v7e-m+fp/hard\libc_nano.a(libc_a-signalr.o)
                0x0800973c                _getpid_r
 .text._malloc_usable_size_r
                0x08009740       0x10 C:/ST/STM32CubeIDE_1.18.1/STM32CubeIDE/plugins/com.st.stm32cube.ide.mcu.externaltools.gnu-tools-for-stm32.13.3.rel1.win32_1.0.0.202411081344/tools/bin/../lib/gcc/arm-none-eabi/13.3.1/../../../../arm-none-eabi/lib/thumb/v7e-m+fp/hard\libc_nano.a(libc_a-msizer.o)
                0x08009740                _malloc_usable_size_r
 .text.pow      0x08009750       0xe0 C:/ST/STM32CubeIDE_1.18.1/STM32CubeIDE/plugins/com.st.stm32cube.ide.mcu.externaltools.gnu-tools-for-stm32.13.3.rel1.win32_1.0.0.202411081344/tools/bin/../lib/gcc/arm-none-eabi/13.3.1/../../../../arm-none-eabi/lib/thumb/v7e-m+fp/hard\libm.a(libm_a-w_pow.o)
                0x08009750                pow
 .text.finite   0x08009830       0x16 C:/ST/STM32CubeIDE_1.18.1/STM32CubeIDE/plugins/com.st.stm32cube.ide.mcu.externaltools.gnu-tools-for-stm32.13.3.rel1.win32_1.0.0.202411081344/tools/bin/../lib/gcc/arm-none-eabi/13.3.1/../../../../arm-none-eabi/lib/thumb/v7e-m+fp/hard\libm.a(libm_a-s_finite.o)
                0x08009830                finite
 *fill*         0x08009846        0x2 
 .text.__ieee754_pow
                0x08009848      0xa94 C:/ST/STM32CubeIDE_1.18.1/STM32CubeIDE/plugins/com.st.stm32cube.ide.mcu.externaltools.gnu-tools-for-stm32.13.3.rel1.win32_1.0.0.202411081344/tools/bin/../lib/gcc/arm-none-eabi/13.3.1/../../../../arm-none-eabi/lib/thumb/v7e-m+fp/hard\libm.a(libm_a-e_pow.o)
                0x08009848                __ieee754_pow
 .text.fabs     0x0800a2dc       0x10 C:/ST/STM32CubeIDE_1.18.1/STM32CubeIDE/plugins/com.st.stm32cube.ide.mcu.externaltools.gnu-tools-for-stm32.13.3.rel1.win32_1.0.0.202411081344/tools/bin/../lib/gcc/arm-none-eabi/13.3.1/../../../../arm-none-eabi/lib/thumb/v7e-m+fp/hard\libm.a(libm_a-s_fabs.o)
                0x0800a2dc                fabs
 *fill*         0x0800a2ec        0x4 
 .text.scalbn   0x0800a2f0       0xf4 C:/ST/STM32CubeIDE_1.18.1/STM32CubeIDE/plugins/com.st.stm32cube.ide.mcu.externaltools.gnu-tools-for-stm32.13.3.rel1.win32_1.0.0.202411081344/tools/bin/../lib/gcc/arm-none-eabi/13.3.1/../../../../arm-none-eabi/lib/thumb/v7e-m+fp/hard\libm.a(libm_a-s_scalbn.o)
                0x0800a2f0                scalbn
 .text.with_errno
                0x0800a3e4       0x24 C:/ST/STM32CubeIDE_1.18.1/STM32CubeIDE/plugins/com.st.stm32cube.ide.mcu.externaltools.gnu-tools-for-stm32.13.3.rel1.win32_1.0.0.202411081344/tools/bin/../lib/gcc/arm-none-eabi/13.3.1/../../../../arm-none-eabi/lib/thumb/v7e-m+fp/hard\libm.a(libm_a-math_err.o)
 .text.xflow    0x0800a408       0x32 C:/ST/STM32CubeIDE_1.18.1/STM32CubeIDE/plugins/com.st.stm32cube.ide.mcu.externaltools.gnu-tools-for-stm32.13.3.rel1.win32_1.0.0.202411081344/tools/bin/../lib/gcc/arm-none-eabi/13.3.1/../../../../arm-none-eabi/lib/thumb/v7e-m+fp/hard\libm.a(libm_a-math_err.o)
 *fill*         0x0800a43a        0x6 
 .text.__math_uflow
                0x0800a440       0x10 C:/ST/STM32CubeIDE_1.18.1/STM32CubeIDE/plugins/com.st.stm32cube.ide.mcu.externaltools.gnu-tools-for-stm32.13.3.rel1.win32_1.0.0.202411081344/tools/bin/../lib/gcc/arm-none-eabi/13.3.1/../../../../arm-none-eabi/lib/thumb/v7e-m+fp/hard\libm.a(libm_a-math_err.o)
                0x0800a440                __math_uflow
 .text.__math_oflow
                0x0800a450       0x10 C:/ST/STM32CubeIDE_1.18.1/STM32CubeIDE/plugins/com.st.stm32cube.ide.mcu.externaltools.gnu-tools-for-stm32.13.3.rel1.win32_1.0.0.202411081344/tools/bin/../lib/gcc/arm-none-eabi/13.3.1/../../../../arm-none-eabi/lib/thumb/v7e-m+fp/hard\libm.a(libm_a-math_err.o)
                0x0800a450                __math_oflow
 .text.__ieee754_sqrt
                0x0800a460      0x1ac C:/ST/STM32CubeIDE_1.18.1/STM32CubeIDE/plugins/com.st.stm32cube.ide.mcu.externaltools.gnu-tools-for-stm32.13.3.rel1.win32_1.0.0.202411081344/tools/bin/../lib/gcc/arm-none-eabi/13.3.1/../../../../arm-none-eabi/lib/thumb/v7e-m+fp/hard\libm.a(libm_a-e_sqrt.o)
                0x0800a460                __ieee754_sqrt
 *(.glue_7)
 .glue_7        0x0800a60c        0x0 linker stubs
 *(.glue_7t)
 .glue_7t       0x0800a60c        0x0 linker stubs
 *(.eh_frame)
 .eh_frame      0x0800a60c        0x0 C:/ST/STM32CubeIDE_1.18.1/STM32CubeIDE/plugins/com.st.stm32cube.ide.mcu.externaltools.gnu-tools-for-stm32.13.3.rel1.win32_1.0.0.202411081344/tools/bin/../lib/gcc/arm-none-eabi/13.3.1/thumb/v7e-m+fp/hard/crtbegin.o
 *(.init)
 .init          0x0800a60c        0x4 C:/ST/STM32CubeIDE_1.18.1/STM32CubeIDE/plugins/com.st.stm32cube.ide.mcu.externaltools.gnu-tools-for-stm32.13.3.rel1.win32_1.0.0.202411081344/tools/bin/../lib/gcc/arm-none-eabi/13.3.1/thumb/v7e-m+fp/hard/crti.o
                0x0800a60c                _init
 .init          0x0800a610        0x8 C:/ST/STM32CubeIDE_1.18.1/STM32CubeIDE/plugins/com.st.stm32cube.ide.mcu.externaltools.gnu-tools-for-stm32.13.3.rel1.win32_1.0.0.202411081344/tools/bin/../lib/gcc/arm-none-eabi/13.3.1/thumb/v7e-m+fp/hard/crtn.o
 *(.fini)
 .fini          0x0800a618        0x4 C:/ST/STM32CubeIDE_1.18.1/STM32CubeIDE/plugins/com.st.stm32cube.ide.mcu.externaltools.gnu-tools-for-stm32.13.3.rel1.win32_1.0.0.202411081344/tools/bin/../lib/gcc/arm-none-eabi/13.3.1/thumb/v7e-m+fp/hard/crti.o
                0x0800a618                _fini
 .fini          0x0800a61c        0x8 C:/ST/STM32CubeIDE_1.18.1/STM32CubeIDE/plugins/com.st.stm32cube.ide.mcu.externaltools.gnu-tools-for-stm32.13.3.rel1.win32_1.0.0.202411081344/tools/bin/../lib/gcc/arm-none-eabi/13.3.1/thumb/v7e-m+fp/hard/crtn.o
                0x0800a624                        . = ALIGN (0x4)
                0x0800a624                        _etext = .

.vfp11_veneer   0x0800a624        0x0
 .vfp11_veneer  0x0800a624        0x0 linker stubs

.v4_bx          0x0800a624        0x0
 .v4_bx         0x0800a624        0x0 linker stubs

.iplt           0x0800a624        0x0
 .iplt          0x0800a624        0x0 C:/ST/STM32CubeIDE_1.18.1/STM32CubeIDE/plugins/com.st.stm32cube.ide.mcu.externaltools.gnu-tools-for-stm32.13.3.rel1.win32_1.0.0.202411081344/tools/bin/../lib/gcc/arm-none-eabi/13.3.1/thumb/v7e-m+fp/hard/crtbegin.o

.rodata         0x0800a628      0x7a0
                0x0800a628                        . = ALIGN (0x4)
 *(.rodata)
 .rodata        0x0800a628      0x224 ./Core/Src/esp.o
 .rodata        0x0800a84c      0x15c ./Core/Src/main.o
 *(.rodata*)
 .rodata.AHBPrescTable
                0x0800a9a8       0x10 ./Core/Src/system_stm32f4xx.o
                0x0800a9a8                AHBPrescTable
 .rodata.APBPrescTable
                0x0800a9b8        0x8 ./Core/Src/system_stm32f4xx.o
                0x0800a9b8                APBPrescTable
 .rodata._ctype_
                0x0800a9c0      0x101 C:/ST/STM32CubeIDE_1.18.1/STM32CubeIDE/plugins/com.st.stm32cube.ide.mcu.externaltools.gnu-tools-for-stm32.13.3.rel1.win32_1.0.0.202411081344/tools/bin/../lib/gcc/arm-none-eabi/13.3.1/../../../../arm-none-eabi/lib/thumb/v7e-m+fp/hard\libc_nano.a(libc_a-ctype_.o)
                0x0800a9c0                _ctype_
 .rodata._printf_float.str1.1
                0x0800aac1      0x1cb C:/ST/STM32CubeIDE_1.18.1/STM32CubeIDE/plugins/com.st.stm32cube.ide.mcu.externaltools.gnu-tools-for-stm32.13.3.rel1.win32_1.0.0.202411081344/tools/bin/../lib/gcc/arm-none-eabi/13.3.1/../../../../arm-none-eabi/lib/thumb/v7e-m+fp/hard\libc_nano.a(libc_a-nano-vfprintf_float.o)
                                 0x12 (size before relaxing)
 .rodata._printf_i.str1.1
                0x0800ac8c       0x22 C:/ST/STM32CubeIDE_1.18.1/STM32CubeIDE/plugins/com.st.stm32cube.ide.mcu.externaltools.gnu-tools-for-stm32.13.3.rel1.win32_1.0.0.202411081344/tools/bin/../lib/gcc/arm-none-eabi/13.3.1/../../../../arm-none-eabi/lib/thumb/v7e-m+fp/hard\libc_nano.a(libc_a-nano-vfprintf_i.o)
 .rodata.strtok.str1.1
                0x0800ac8c       0x71 C:/ST/STM32CubeIDE_1.18.1/STM32CubeIDE/plugins/com.st.stm32cube.ide.mcu.externaltools.gnu-tools-for-stm32.13.3.rel1.win32_1.0.0.202411081344/tools/bin/../lib/gcc/arm-none-eabi/13.3.1/../../../../arm-none-eabi/lib/thumb/v7e-m+fp/hard\libc_nano.a(libc_a-strtok.o)
 .rodata.__assert_func.str1.1
                0x0800ac8c       0x3d C:/ST/STM32CubeIDE_1.18.1/STM32CubeIDE/plugins/com.st.stm32cube.ide.mcu.externaltools.gnu-tools-for-stm32.13.3.rel1.win32_1.0.0.202411081344/tools/bin/../lib/gcc/arm-none-eabi/13.3.1/../../../../arm-none-eabi/lib/thumb/v7e-m+fp/hard\libc_nano.a(libc_a-assert.o)
 .rodata._dtoa_r.str1.1
                0x0800ac8c       0x8f C:/ST/STM32CubeIDE_1.18.1/STM32CubeIDE/plugins/com.st.stm32cube.ide.mcu.externaltools.gnu-tools-for-stm32.13.3.rel1.win32_1.0.0.202411081344/tools/bin/../lib/gcc/arm-none-eabi/13.3.1/../../../../arm-none-eabi/lib/thumb/v7e-m+fp/hard\libc_nano.a(libc_a-dtoa.o)
 .rodata._Balloc.str1.1
                0x0800ac8c       0x70 C:/ST/STM32CubeIDE_1.18.1/STM32CubeIDE/plugins/com.st.stm32cube.ide.mcu.externaltools.gnu-tools-for-stm32.13.3.rel1.win32_1.0.0.202411081344/tools/bin/../lib/gcc/arm-none-eabi/13.3.1/../../../../arm-none-eabi/lib/thumb/v7e-m+fp/hard\libc_nano.a(libc_a-mprec.o)
 .rodata.__multadd.str1.1
                0x0800ac8c       0x11 C:/ST/STM32CubeIDE_1.18.1/STM32CubeIDE/plugins/com.st.stm32cube.ide.mcu.externaltools.gnu-tools-for-stm32.13.3.rel1.win32_1.0.0.202411081344/tools/bin/../lib/gcc/arm-none-eabi/13.3.1/../../../../arm-none-eabi/lib/thumb/v7e-m+fp/hard\libc_nano.a(libc_a-mprec.o)
 .rodata.p05.0  0x0800ac8c        0xc C:/ST/STM32CubeIDE_1.18.1/STM32CubeIDE/plugins/com.st.stm32cube.ide.mcu.externaltools.gnu-tools-for-stm32.13.3.rel1.win32_1.0.0.202411081344/tools/bin/../lib/gcc/arm-none-eabi/13.3.1/../../../../arm-none-eabi/lib/thumb/v7e-m+fp/hard\libc_nano.a(libc_a-mprec.o)
 .rodata.__mprec_bigtens
                0x0800ac98       0x28 C:/ST/STM32CubeIDE_1.18.1/STM32CubeIDE/plugins/com.st.stm32cube.ide.mcu.externaltools.gnu-tools-for-stm32.13.3.rel1.win32_1.0.0.202411081344/tools/bin/../lib/gcc/arm-none-eabi/13.3.1/../../../../arm-none-eabi/lib/thumb/v7e-m+fp/hard\libc_nano.a(libc_a-mprec.o)
                0x0800ac98                __mprec_bigtens
 .rodata.__mprec_tens
                0x0800acc0       0xc8 C:/ST/STM32CubeIDE_1.18.1/STM32CubeIDE/plugins/com.st.stm32cube.ide.mcu.externaltools.gnu-tools-for-stm32.13.3.rel1.win32_1.0.0.202411081344/tools/bin/../lib/gcc/arm-none-eabi/13.3.1/../../../../arm-none-eabi/lib/thumb/v7e-m+fp/hard\libc_nano.a(libc_a-mprec.o)
                0x0800acc0                __mprec_tens
 .rodata._svfprintf_r.str1.1
                0x0800ad88       0x11 C:/ST/STM32CubeIDE_1.18.1/STM32CubeIDE/plugins/com.st.stm32cube.ide.mcu.externaltools.gnu-tools-for-stm32.13.3.rel1.win32_1.0.0.202411081344/tools/bin/../lib/gcc/arm-none-eabi/13.3.1/../../../../arm-none-eabi/lib/thumb/v7e-m+fp/hard\libc_nano.a(libc_a-nano-svfprintf.o)
 .rodata._vfprintf_r.str1.1
                0x0800ad88       0x11 C:/ST/STM32CubeIDE_1.18.1/STM32CubeIDE/plugins/com.st.stm32cube.ide.mcu.externaltools.gnu-tools-for-stm32.13.3.rel1.win32_1.0.0.202411081344/tools/bin/../lib/gcc/arm-none-eabi/13.3.1/../../../../arm-none-eabi/lib/thumb/v7e-m+fp/hard\libc_nano.a(libc_a-nano-vfprintf.o)
 .rodata._setlocale_r.str1.1
                0x0800ad88        0x9 C:/ST/STM32CubeIDE_1.18.1/STM32CubeIDE/plugins/com.st.stm32cube.ide.mcu.externaltools.gnu-tools-for-stm32.13.3.rel1.win32_1.0.0.202411081344/tools/bin/../lib/gcc/arm-none-eabi/13.3.1/../../../../arm-none-eabi/lib/thumb/v7e-m+fp/hard\libc_nano.a(libc_a-locale.o)
 .rodata.str1.1
                0x0800ad88        0x2 C:/ST/STM32CubeIDE_1.18.1/STM32CubeIDE/plugins/com.st.stm32cube.ide.mcu.externaltools.gnu-tools-for-stm32.13.3.rel1.win32_1.0.0.202411081344/tools/bin/../lib/gcc/arm-none-eabi/13.3.1/../../../../arm-none-eabi/lib/thumb/v7e-m+fp/hard\libc_nano.a(libc_a-locale.o)
 .rodata.dp_l   0x0800ad88       0x10 C:/ST/STM32CubeIDE_1.18.1/STM32CubeIDE/plugins/com.st.stm32cube.ide.mcu.externaltools.gnu-tools-for-stm32.13.3.rel1.win32_1.0.0.202411081344/tools/bin/../lib/gcc/arm-none-eabi/13.3.1/../../../../arm-none-eabi/lib/thumb/v7e-m+fp/hard\libm.a(libm_a-e_pow.o)
 .rodata.dp_h   0x0800ad98       0x10 C:/ST/STM32CubeIDE_1.18.1/STM32CubeIDE/plugins/com.st.stm32cube.ide.mcu.externaltools.gnu-tools-for-stm32.13.3.rel1.win32_1.0.0.202411081344/tools/bin/../lib/gcc/arm-none-eabi/13.3.1/../../../../arm-none-eabi/lib/thumb/v7e-m+fp/hard\libm.a(libm_a-e_pow.o)
 .rodata.bp     0x0800ada8       0x10 C:/ST/STM32CubeIDE_1.18.1/STM32CubeIDE/plugins/com.st.stm32cube.ide.mcu.externaltools.gnu-tools-for-stm32.13.3.rel1.win32_1.0.0.202411081344/tools/bin/../lib/gcc/arm-none-eabi/13.3.1/../../../../arm-none-eabi/lib/thumb/v7e-m+fp/hard\libm.a(libm_a-e_pow.o)
 .rodata.tiny   0x0800adb8        0x8 C:/ST/STM32CubeIDE_1.18.1/STM32CubeIDE/plugins/com.st.stm32cube.ide.mcu.externaltools.gnu-tools-for-stm32.13.3.rel1.win32_1.0.0.202411081344/tools/bin/../lib/gcc/arm-none-eabi/13.3.1/../../../../arm-none-eabi/lib/thumb/v7e-m+fp/hard\libm.a(libm_a-e_sqrt.o)
 .rodata.one    0x0800adc0        0x8 C:/ST/STM32CubeIDE_1.18.1/STM32CubeIDE/plugins/com.st.stm32cube.ide.mcu.externaltools.gnu-tools-for-stm32.13.3.rel1.win32_1.0.0.202411081344/tools/bin/../lib/gcc/arm-none-eabi/13.3.1/../../../../arm-none-eabi/lib/thumb/v7e-m+fp/hard\libm.a(libm_a-e_sqrt.o)
                0x0800adc8                        . = ALIGN (0x4)

.ARM.extab      0x0800adc8        0x0
                0x0800adc8                        . = ALIGN (0x4)
 *(.ARM.extab* .gnu.linkonce.armextab.*)
                0x0800adc8                        . = ALIGN (0x4)

.ARM            0x0800adc8        0x8
                0x0800adc8                        . = ALIGN (0x4)
                0x0800adc8                        __exidx_start = .
 *(.ARM.exidx*)
 .ARM.exidx     0x0800adc8        0x8 C:/ST/STM32CubeIDE_1.18.1/STM32CubeIDE/plugins/com.st.stm32cube.ide.mcu.externaltools.gnu-tools-for-stm32.13.3.rel1.win32_1.0.0.202411081344/tools/bin/../lib/gcc/arm-none-eabi/13.3.1/../../../../arm-none-eabi/lib/thumb/v7e-m+fp/hard\libc_nano.a(libc_a-strcmp.o)
 .ARM.exidx     0x0800add0        0x0 C:/ST/STM32CubeIDE_1.18.1/STM32CubeIDE/plugins/com.st.stm32cube.ide.mcu.externaltools.gnu-tools-for-stm32.13.3.rel1.win32_1.0.0.202411081344/tools/bin/../lib/gcc/arm-none-eabi/13.3.1/../../../../arm-none-eabi/lib/thumb/v7e-m+fp/hard\libc_nano.a(libc_a-memchr.o)
                                  0x8 (size before relaxing)
 .ARM.exidx     0x0800add0        0x0 C:/ST/STM32CubeIDE_1.18.1/STM32CubeIDE/plugins/com.st.stm32cube.ide.mcu.externaltools.gnu-tools-for-stm32.13.3.rel1.win32_1.0.0.202411081344/tools/bin/../lib/gcc/arm-none-eabi/13.3.1/../../../../arm-none-eabi/lib/thumb/v7e-m+fp/hard\libc_nano.a(libc_a-strlen.o)
                                  0x8 (size before relaxing)
 .ARM.exidx     0x0800add0        0x0 C:/ST/STM32CubeIDE_1.18.1/STM32CubeIDE/plugins/com.st.stm32cube.ide.mcu.externaltools.gnu-tools-for-stm32.13.3.rel1.win32_1.0.0.202411081344/tools/bin/../lib/gcc/arm-none-eabi/13.3.1/thumb/v7e-m+fp/hard\libgcc.a(_udivmoddi4.o)
                                  0x8 (size before relaxing)
                0x0800add0                        __exidx_end = .
                0x0800add0                        . = ALIGN (0x4)

.preinit_array  0x0800add0        0x0
                0x0800add0                        . = ALIGN (0x4)
                0x0800add0                        PROVIDE (__preinit_array_start = .)
 *(.preinit_array*)
                0x0800add0                        PROVIDE (__preinit_array_end = .)
                0x0800add0                        . = ALIGN (0x4)

.init_array     0x0800add0        0x4
                0x0800add0                        . = ALIGN (0x4)
                0x0800add0                        PROVIDE (__init_array_start = .)
 *(SORT_BY_NAME(.init_array.*))
 *(.init_array*)
 .init_array    0x0800add0        0x4 C:/ST/STM32CubeIDE_1.18.1/STM32CubeIDE/plugins/com.st.stm32cube.ide.mcu.externaltools.gnu-tools-for-stm32.13.3.rel1.win32_1.0.0.202411081344/tools/bin/../lib/gcc/arm-none-eabi/13.3.1/thumb/v7e-m+fp/hard/crtbegin.o
                0x0800add4                        PROVIDE (__init_array_end = .)
                0x0800add4                        . = ALIGN (0x4)

.fini_array     0x0800add4        0x4
                0x0800add4                        . = ALIGN (0x4)
                [!provide]                        PROVIDE (__fini_array_start = .)
 *(SORT_BY_NAME(.fini_array.*))
 *(.fini_array*)
 .fini_array    0x0800add4        0x4 C:/ST/STM32CubeIDE_1.18.1/STM32CubeIDE/plugins/com.st.stm32cube.ide.mcu.externaltools.gnu-tools-for-stm32.13.3.rel1.win32_1.0.0.202411081344/tools/bin/../lib/gcc/arm-none-eabi/13.3.1/thumb/v7e-m+fp/hard/crtbegin.o
                [!provide]                        PROVIDE (__fini_array_end = .)
                0x0800add8                        . = ALIGN (0x4)
                0x0800add8                        _sidata = LOADADDR (.data)

.rel.dyn        0x0800add8        0x0
 .rel.iplt      0x0800add8        0x0 C:/ST/STM32CubeIDE_1.18.1/STM32CubeIDE/plugins/com.st.stm32cube.ide.mcu.externaltools.gnu-tools-for-stm32.13.3.rel1.win32_1.0.0.202411081344/tools/bin/../lib/gcc/arm-none-eabi/13.3.1/thumb/v7e-m+fp/hard/crtbegin.o

.data           0x20000000      0x1d8 load address 0x0800add8
                0x20000000                        . = ALIGN (0x4)
                0x20000000                        _sdata = .
 *(.data)
 *(.data*)
 .data.tim3Flag1Sec
                0x20000000        0x4 ./Core/Src/main.o
                0x20000000                tim3Flag1Sec
 .data.SystemCoreClock
                0x20000004        0x4 ./Core/Src/system_stm32f4xx.o
                0x20000004                SystemCoreClock
 .data.uwTickPrio
                0x20000008        0x4 ./Drivers/STM32F4xx_HAL_Driver/Src/stm32f4xx_hal.o
                0x20000008                uwTickPrio
 .data.uwTickFreq
                0x2000000c        0x1 ./Drivers/STM32F4xx_HAL_Driver/Src/stm32f4xx_hal.o
                0x2000000c                uwTickFreq
 *fill*         0x2000000d        0x3 
 .data.__sglue  0x20000010        0xc C:/ST/STM32CubeIDE_1.18.1/STM32CubeIDE/plugins/com.st.stm32cube.ide.mcu.externaltools.gnu-tools-for-stm32.13.3.rel1.win32_1.0.0.202411081344/tools/bin/../lib/gcc/arm-none-eabi/13.3.1/../../../../arm-none-eabi/lib/thumb/v7e-m+fp/hard\libc_nano.a(libc_a-findfp.o)
                0x20000010                __sglue
 .data._impure_ptr
                0x2000001c        0x4 C:/ST/STM32CubeIDE_1.18.1/STM32CubeIDE/plugins/com.st.stm32cube.ide.mcu.externaltools.gnu-tools-for-stm32.13.3.rel1.win32_1.0.0.202411081344/tools/bin/../lib/gcc/arm-none-eabi/13.3.1/../../../../arm-none-eabi/lib/thumb/v7e-m+fp/hard\libc_nano.a(libc_a-impure.o)
                0x2000001c                _impure_ptr
 .data._impure_data
                0x20000020       0x4c C:/ST/STM32CubeIDE_1.18.1/STM32CubeIDE/plugins/com.st.stm32cube.ide.mcu.externaltools.gnu-tools-for-stm32.13.3.rel1.win32_1.0.0.202411081344/tools/bin/../lib/gcc/arm-none-eabi/13.3.1/../../../../arm-none-eabi/lib/thumb/v7e-m+fp/hard\libc_nano.a(libc_a-impure.o)
                0x20000020                _impure_data
 .data.__global_locale
                0x2000006c      0x16c C:/ST/STM32CubeIDE_1.18.1/STM32CubeIDE/plugins/com.st.stm32cube.ide.mcu.externaltools.gnu-tools-for-stm32.13.3.rel1.win32_1.0.0.202411081344/tools/bin/../lib/gcc/arm-none-eabi/13.3.1/../../../../arm-none-eabi/lib/thumb/v7e-m+fp/hard\libc_nano.a(libc_a-locale.o)
                0x2000006c                __global_locale
 *(.RamFunc)
 *(.RamFunc*)
                0x200001d8                        . = ALIGN (0x4)
                0x200001d8                        _edata = .

.igot.plt       0x200001d8        0x0 load address 0x0800afb0
 .igot.plt      0x200001d8        0x0 C:/ST/STM32CubeIDE_1.18.1/STM32CubeIDE/plugins/com.st.stm32cube.ide.mcu.externaltools.gnu-tools-for-stm32.13.3.rel1.win32_1.0.0.202411081344/tools/bin/../lib/gcc/arm-none-eabi/13.3.1/thumb/v7e-m+fp/hard/crtbegin.o
                0x200001d8                        . = ALIGN (0x4)

.bss            0x200001d8      0xc24 load address 0x0800afb0
                0x200001d8                        _sbss = .
                0x200001d8                        __bss_start__ = _sbss
 *(.bss)
 .bss           0x200001d8       0x1c C:/ST/STM32CubeIDE_1.18.1/STM32CubeIDE/plugins/com.st.stm32cube.ide.mcu.externaltools.gnu-tools-for-stm32.13.3.rel1.win32_1.0.0.202411081344/tools/bin/../lib/gcc/arm-none-eabi/13.3.1/thumb/v7e-m+fp/hard/crtbegin.o
 *(.bss*)
 .bss.ip_addr   0x200001f4       0x10 ./Core/Src/esp.o
 .bss.response  0x20000204      0x400 ./Core/Src/esp.o
 .bss.rx2Flag   0x20000604        0x1 ./Core/Src/esp.o
                0x20000604                rx2Flag
 *fill*         0x20000605        0x3 
 .bss.rx2Data   0x20000608       0x32 ./Core/Src/esp.o
                0x20000608                rx2Data
 .bss.cdata     0x2000063a        0x1 ./Core/Src/esp.o
                0x2000063a                cdata
 .bss.data      0x2000063b        0x1 ./Core/Src/esp.o
 .bss.cb_data   0x2000063c      0x402 ./Core/Src/esp.o
                0x2000063c                cb_data
 *fill*         0x20000a3e        0x2 
 .bss.i.0       0x20000a40        0x4 ./Core/Src/esp.o
 .bss.hadc1     0x20000a44       0x48 ./Core/Src/main.o
                0x20000a44                hadc1
 .bss.htim1     0x20000a8c       0x48 ./Core/Src/main.o
                0x20000a8c                htim1
 .bss.htim2     0x20000ad4       0x48 ./Core/Src/main.o
                0x20000ad4                htim2
 .bss.htim3     0x20000b1c       0x48 ./Core/Src/main.o
                0x20000b1c                htim3
 .bss.htim4     0x20000b64       0x48 ./Core/Src/main.o
                0x20000b64                htim4
 .bss.huart2    0x20000bac       0x48 ./Core/Src/main.o
                0x20000bac                huart2
 .bss.huart6    0x20000bf4       0x48 ./Core/Src/main.o
                0x20000bf4                huart6
 .bss.tim3Sec   0x20000c3c        0x4 ./Core/Src/main.o
                0x20000c3c                tim3Sec
 .bss.humi      0x20000c40        0x4 ./Core/Src/main.o
                0x20000c40                humi
 .bss.temp      0x20000c44        0xa ./Core/Src/main.o
                0x20000c44                temp
 *fill*         0x20000c4e        0x2 
 .bss.customerCount
                0x20000c50        0x4 ./Core/Src/main.o
                0x20000c50                customerCount
 .bss.ledState  0x20000c54        0x4 ./Core/Src/main.o
                0x20000c54                ledState
 .bss.fanSpeed  0x20000c58        0x4 ./Core/Src/main.o
                0x20000c58                fanSpeed
 .bss.lockState
                0x20000c5c        0x1 ./Core/Src/main.o
                0x20000c5c                lockState
 .bss.fanFlag   0x20000c5d        0x1 ./Core/Src/main.o
                0x20000c5d                fanFlag
 *fill*         0x20000c5e        0x2 
 .bss.pulseWidth
                0x20000c60        0x4 ./Core/Src/main.o
                0x20000c60                pulseWidth
 .bss.strBuff   0x20000c64       0x40 ./Core/Src/main.o
                0x20000c64                strBuff
 .bss.tim3Cnt.0
                0x20000ca4        0x4 ./Core/Src/main.o
 .bss.__sbrk_heap_end
                0x20000ca8        0x4 ./Core/Src/sysmem.o
 .bss.uwTick    0x20000cac        0x4 ./Drivers/STM32F4xx_HAL_Driver/Src/stm32f4xx_hal.o
                0x20000cac                uwTick
 .bss.__sf      0x20000cb0      0x138 C:/ST/STM32CubeIDE_1.18.1/STM32CubeIDE/plugins/com.st.stm32cube.ide.mcu.externaltools.gnu-tools-for-stm32.13.3.rel1.win32_1.0.0.202411081344/tools/bin/../lib/gcc/arm-none-eabi/13.3.1/../../../../arm-none-eabi/lib/thumb/v7e-m+fp/hard\libc_nano.a(libc_a-findfp.o)
                0x20000cb0                __sf
 .bss.__stdio_exit_handler
                0x20000de8        0x4 C:/ST/STM32CubeIDE_1.18.1/STM32CubeIDE/plugins/com.st.stm32cube.ide.mcu.externaltools.gnu-tools-for-stm32.13.3.rel1.win32_1.0.0.202411081344/tools/bin/../lib/gcc/arm-none-eabi/13.3.1/../../../../arm-none-eabi/lib/thumb/v7e-m+fp/hard\libc_nano.a(libc_a-findfp.o)
                0x20000de8                __stdio_exit_handler
 .bss.errno     0x20000dec        0x4 C:/ST/STM32CubeIDE_1.18.1/STM32CubeIDE/plugins/com.st.stm32cube.ide.mcu.externaltools.gnu-tools-for-stm32.13.3.rel1.win32_1.0.0.202411081344/tools/bin/../lib/gcc/arm-none-eabi/13.3.1/../../../../arm-none-eabi/lib/thumb/v7e-m+fp/hard\libc_nano.a(libc_a-reent.o)
                0x20000dec                errno
 .bss.__lock___malloc_recursive_mutex